Trying 127.0.0.1...
Trying 127.0.0.1...
Trying 127.0.0.1...
Trying 127.0.0.1...
Trying 127.0.0.1...
Trying 127.0.0.1...
Trying 127.0.0.1...
Trying 127.0.0.1...
Trying 127.0.0.1...
Trying 127.0.0.1...
Trying 127.0.0.1...
Trying 127.0.0.1...
Trying 127.0.0.1...
Trying 127.0.0.1...
Trying 127.0.0.1...
Trying 127.0.0.1...
Trying 127.0.0.1...
Trying 127.0.0.1...
Connected to localhost.localdomain (127.0.0.1).
Escape character is '^]'.
Linux version 2.6.18-8.el5 (mockbuild@builder4.centos.org) (gcc version 4.1.1 20070105 (Red Hat 4.1.1-52)) #1 SMP Thu Mar 15 19:57:35 EDT 2007
BIOS-provided physical RAM map:
 BIOS-e820: 0000000000000000 - 000000000009fc00 (usable)
 BIOS-e820: 000000000009fc00 - 00000000000a0000 (reserved)
 BIOS-e820: 00000000000e0000 - 0000000000100000 (reserved)
 BIOS-e820: 0000000000100000 - 000000001fffac00 (usable)
 BIOS-e820: 000000001fffac00 - 0000000020000000 (reserved)
0MB HIGHMEM available.
511MB LOWMEM available.
found SMP MP-table at 000fccd0
Using x86 segment limits to approximate NX protection
DMI 2.4 present.
Using APIC driver default
ACPI: Unable to locate RSDP
Intel MultiProcessor Specification v1.4
    Virtual Wire compatibility mode.
OEM ID: _HVMCPU_ Product ID: XEN          APIC at: 0xFEE00000
Processor #0 6:0 APIC version 17
I/O APIC #1 Version 17 at 0xFEC00000.
Enabling APIC mode:  Flat.  Using 1 I/O APICs
Processors: 1
Allocating PCI resources starting at 30000000 (gap: 20000000:e0000000)
Detected 3013.890 MHz processor.
Built 1 zonelists.  Total pages: 131066
Kernel command line: ro root=/dev/VolGroup00/LogVol00 console=ttyS0,9600n8
Enabling fast FPU save and restore... done.
Enabling unmasked SIMD FPU exception support... done.
Initializing CPU#0
CPU 0 irqstacks, hard=c0737000 soft=c0717000
PID hash table entries: 2048 (order: 11, 8192 bytes)
Console: colour VGA+ 80x25
Dentry cache hash table entries: 65536 (order: 6, 262144 bytes)
Inode-cache hash table entries: 32768 (order: 5, 131072 bytes)
Memory: 513116k/524264k available (2043k kernel code, 10624k reserved, 846k data, 232k init, 0k highmem)
Checking if this processor honours the WP bit even in supervisor mode... Ok.
Calibrating delay using timer specific routine.. 6032.87 BogoMIPS (lpj=3016436)
Security Framework v1.0.0 initialized
SELinux:  Initializing.
SELinux:  Starting in permissive mode
selinux_register_security:  Registering secondary module capability
Capability LSM initialized as secondary
Mount-cache hash table entries: 512
CPU: L1 I Cache: 64K (64 bytes/line), D cache 64K (64 bytes/line)
CPU: L2 Cache: 1024K (64 bytes/line)
Intel machine check architecture supported.
Intel machine check reporting enabled on CPU#0.
Checking 'hlt' instruction... OK.
SMP alternatives: switching to UP code
Freeing SMP alternatives: 16k freed
CPU0: AMD Athlon(tm) 64 X2 Dual Core Processor 6000+ stepping 03
Total of 1 processors activated (6032.87 BogoMIPS).
ENABLING IO-APIC IRQs
..TIMER: vector=0x31 apic1=0 pin1=2 apic2=-1 pin2=-1
Brought up 1 CPUs
checking if image is initramfs... it is
Freeing initrd memory: 2144k freed
NET: Registered protocol family 16
ACPI Exception (utmutex-0262): AE_BAD_PARAMETER, Thread DFD8DAA0 could not acquire Mutex [2] [20060707]
PCI: PCI BIOS revision 2.10 entry at 0xfa3b0, last bus=0
PCI: Using configuration type 1
Setting up standard PCI resources
ACPI: Interpreter disabled.
Linux Plug and Play Support v0.97 (c) Adam Belay
pnp: PnP ACPI: disabled
usbcore: registered new driver usbfs
usbcore: registered new driver hub
PCI: Probing PCI hardware
PCI: Using IRQ router PIIX/ICH [8086/7000] at 0000:00:01.0
PCI BIOS passed nonexistent PCI bus 0!
PCI BIOS passed nonexistent PCI bus 0!
NetLabel: Initializing
NetLabel:  domain hash size = 128
NetLabel:  protocols = UNLABELED CIPSOv4
NetLabel:  unlabeled traffic allowed by default
PCI: Ignore bogus resource 6 [0:0] of 0000:00:02.0
NET: Registered protocol family 2
IP route cache hash table entries: 4096 (order: 2, 16384 bytes)
TCP established hash table entries: 16384 (order: 5, 131072 bytes)
TCP bind hash table entries: 8192 (order: 4, 65536 bytes)
TCP: Hash tables configured (established 16384 bind 8192)
TCP reno registered
apm: BIOS version 1.2 Flags 0x03 (Driver version 1.16ac)
audit: initializing netlink socket (disabled)
audit(1197711407.964:1): initialized
Total HugeTLB memory allocated, 0
VFS: Disk quotas dquot_6.5.1
Dquot-cache hash table entries: 1024 (order 0, 4096 bytes)
SELinux:  Registering netfilter hooks
Initializing Cryptographic API
ksign: Installing public key data
Loading keyring
- Added public key EE79A493AEE5EDC9
- User ID: CentOS (Kernel Module GPG key)
io scheduler noop registered
io scheduler anticipatory registered
io scheduler deadline registered
io scheduler cfq registered (default)
Limiting direct PCI/PCI transfers.
PCI: PIIX3: Enabling Passive Release on 0000:00:01.0
Activating ISA DMA hang workarounds.
pci_hotplug: PCI Hot Plug PCI Core version: 0.5
Real Time Clock Driver v1.12ac
Non-volatile memory driver v1.2
Linux agpgart interface v0.101 (c) Dave Jones
Serial: 8250/16550 driver $Revision: 1.90 $ 4 ports, IRQ sharing enabled
erial8250: ttyS0 at I/O 0x3f8 (irq = 4) is a 16450
RAMDISK driver initialized: 16 RAM disks of 16384K size 4096 blocksize
Uniform Multi-Platform E-IDE driver Revision: 7.00alpha2
ide: Assuming 33MHz system bus speed for PIO modes; override with idebus=xx
PIIX3: IDE controller at PCI slot 0000:00:01.1
PIIX3: chipset revision 0
PIIX3: not 100% native mode: will probe irqs later
    ide0: BM-DMA at 0xc000-0xc007, BIOS settings: hda:pio, hdb:pio
    ide1: BM-DMA at 0xc008-0xc00f, BIOS settings: hdc:pio, hdd:pio
hda: QEMU HARDDISK, ATA DISK drive
ide0 at 0x1f0-0x1f7,0x3f6 on irq 14
hdc: QEMU CD-ROM, ATAPI CD/DVD-ROM drive
ide1 at 0x170-0x177,0x376 on irq 15
hda: max request size: 512KiB
hda: 10485760 sectors (5368 MB) w/256KiB Cache, CHS=10402/255/63, (U)DMA
hda: cache flushes supported
 hda: hda1 hda2
ide-floppy driver 0.99.newide
usbcore: registered new driver hiddev
usbcore: registered new driver usbhid
drivers/usb/input/hid-core.c: v2.6:USB HID core driver
PNP: No PS/2 controller found. Probing ports directly.
serio: i8042 AUX port at 0x60,0x64 irq 12
serio: i8042 KBD port at 0x60,0x64 irq 1
mice: PS/2 mouse device common for all mice
md: md driver 0.90.3 MAX_MD_DEVS=256, MD_SB_DISKS=27
md: bitmap version 4.39
TCP bic registered
Initializing IPsec netlink socket
NET: Registered protocol family 1
NET: Registered protocol family 17
powernow-k8: Power state transitions not supported
Using IPI No-Shortcut mode
Freeing unused kernel memory: 232k freed
Time: tsc clocksource has been installed.
Write protecting the kernel read-only data: 383k
Red Hat nash version 5.1.19.6 starting
Mounting proc filesystem
Mounting sysfs filesystem
Creating /dev
Creating initial device nodes
Setting up hotplug.
input: AT Translated Set 2 keyboard as /class/input/input0
input: ImExPS/2 Generic Explorer Mouse as /class/input/input1
Creating block device nodes.
Loading uhci-hcd.ko module
USB Universal Host Controller Interface driver v3.0
Loading ohci-hcd.ko module
Loading ehci-hcd.ko module
Loading jbd.ko module
Loading ext3.ko module
Loading dm-mod.ko module
device-mapper: ioctl: 4.11.0-ioctl (2006-09-14) initialised: dm-devel@redhat.com
Loading dm-mirror.ko module
Loading dm-zero.ko module
Loading dm-snapshot.ko module
Making device-mapper control node
Scanning logical volumes
  Reading all physical volumes.  This may take a while...
  Found volume group "VolGroup00" using metadata type lvm2
Activating logical volumes
  2 logical volume(s) in volume group "VolGroup00" now active
Trying to resume from /dev/VolGroup00/LogVol01
No suspend signature on swap, not resuming.
Creating root device.
Mounting root filesystem.
kjournald starting.  Commit interval 5 seconds
EXT3-fs: mounted filesystem with ordered data mode.
Setting up other filesystems.
Setting up new root fs
no fstab.sys, mounting internal defaults
Switching to new root and running init.
unmounting old /dev
unmounting old /proc
unmounting old /sys
SELinux:  Disabled at runtime.
SELinux:  Unregistering netfilter hooks
audit(1197711417.009:2): selinux=0 auid=4294967295
INIT: version 2.86 booting
		Welcome to  CentOS release 5 (Final)
		Press 'I' to enter interactive startup.
時計  (utc) を設定中: 2007年 12月 15日 土曜日 18:37:03 JST [  OK  ]
udev を起動中: [  OK  ]
標準キーマップ (us-acentos) を読み込み中: [  OK  ]
ホストネームを localhost.localdomain に設定中:  [  OK  ]
論理ボリューム管理を設定中:   /dev/hdc: open failed: メディアが見つかりません
  2 logical volume(s) in volume group "VolGroup00" now active
[  OK  ]
ファイルシステムを検査中
Checking all file systems.
[/sbin/fsck.ext3 (1) -- /] fsck.ext3 -a /dev/VolGroup00/LogVol00 
/dev/VolGroup00/LogVol00: clean, 81455/770304 files, 475353/770048 blocks
[/sbin/fsck.ext3 (1) -- /boot] fsck.ext3 -a /dev/hda1 
/boot: clean, 35/26104 files, 14144/104388 blocks
[  OK  ]
ルートファイルシステムを読み書きモードで再マウント中:  [  OK  ]
ローカルファイルシステムをマウント中:  [  OK  ]
ローカルファイルシステムのクォータを有効化中:  [  OK  ]
/etc/fstab スワップスペースを有効化中:  [  OK  ]
INIT: Entering runlevel: 3
非対話起動モードに移行中
readahead をバックグランドで起動中: [  OK  ]
ハードウェア変更を検査中 [  OK  ]
ループバックインターフェイスを呼び込み中 [  OK  ]
インターフェース eth0 を活性化中:  
eth0 のIP情報を検出中... 完了。
[  OK  ]
auditd を起動中: [  OK  ]
システムロガーを起動中: [  OK  ]
カーネルロガーを起動中: [  OK  ]
irqbalance を起動中: [  OK  ]
portmap を起動中: [  OK  ]
NFS statd を起動中: [  OK  ]
RPC idmapd を起動中: [  OK  ]
システムロガーを起動中: [  OK  ]
その他のファイルシステムをマウント中:  [  OK  ]
PC/SC スマートカードデーモン (pcscd) を起動中: [  OK  ]
APM デーモンを起動中: [  OK  ]
hidd を起動中: [  OK  ]
autofs を起動中:  Loading autofs4: [  OK  ]
automount を起動中: [  OK  ]
[  OK  ]
cups を起動中: [  OK  ]
sshd を起動中: [  OK  ]
コンソールマウスサービスを起動中: [  OK  ]
crond を起動中: [  OK  ]
xfs を起動中: [  OK  ]
anacron を起動中: [  OK  ]
atd を起動中: [  OK  ]
yum-updatesd を起動中: [  OK  ]
Starting Avahi daemon... [  OK  ]
HAL デーモンを起動中: [  OK  ]
smartd を起動中: [  OK  ]

CentOS release 5 (Final)
Kernel 2.6.18-8.el5 on an i686

dhcp-100-101.lab.hpcs.cs.tsukuba.ac.jp login: INIT: Switching to runlevel: 0
INIT: Sending processes the TERM signal
smartd を停止中: [  OK  ]
Avahi デーモンを停止中: [  OK  ]
HAL デーモンを停止中: [  OK  ]
yum-updates を停止中: [  OK  ]
atd を停止中: [  OK  ]
cups を停止中: [  OK  ]
xfs を停止中: [  OK  ]
コンソールマウスサービスを停止中: [  OK  ]
sshd を停止中: [  OK  ]
crond を停止中: [  OK  ]
RPC idmapd を終了中:  [  OK  ]
autofs を停止中:  automount を停止中: [  OK  ]
[  OK  ]
APM デーモンを停止中: [  OK  ]
システムロガーを停止中 [  OK  ]
NFS statd を停止中: [  OK  ]
portmap を停止中: [  OK  ]
auditd を停止中: audit(1197711477.529:14): audit_pid=0 old=1204 by auid=4294967295
[  OK  ]
PC/SC スマートカードデーモン (pcscd) を停止中: [  OK  ]
カーネルロガーを停止中: [  OK  ]
システムロガーを停止中: [  OK  ]
hidd を停止中: [  OK  ]
インターフェース eth0 を終了中:  [  OK  ]
ループバックインターフェースを終了中  [  OK  ]
killall を起動中:  [  OK  ]
Sending all processes the TERM signal... 
Sending all processes the KILL signal... 
Saving random seed:  
Syncing hardware clock to system time audit(1197711486.999:15): user pid=2575 uid=0 auid=4294967295 msg='changing system time: exe="/sbin/hwclock" (hostname=?, addr=?, terminal=console res=success)'

Turning off swap:  
Turning off quotas:  
Unmounting pipe file systems:  
Unmounting file systems:  
Halting system...
md: stopping all md devices.
Shutdown: hda
System halted.
Trying 127.0.0.1...
Trying 127.0.0.1...
Trying 127.0.0.1...
Trying 127.0.0.1...
Trying 127.0.0.1...
Trying 127.0.0.1...
Trying 127.0.0.1...
Connected to localhost.localdomain (127.0.0.1).
Escape character is '^]'.
Linux version 2.6.18-8.el5 (mockbuild@builder4.centos.org) (gcc version 4.1.1 20070105 (Red Hat 4.1.1-52)) #1 SMP Thu Mar 15 19:57:35 EDT 2007
BIOS-provided physical RAM map:
 BIOS-e820: 0000000000000000 - 000000000009fc00 (usable)
 BIOS-e820: 000000000009fc00 - 00000000000a0000 (reserved)
 BIOS-e820: 00000000000e0000 - 0000000000100000 (reserved)
 BIOS-e820: 0000000000100000 - 000000001fffac00 (usable)
 BIOS-e820: 000000001fffac00 - 0000000020000000 (reserved)
0MB HIGHMEM available.
511MB LOWMEM available.
found SMP MP-table at 000fccd0
Using x86 segment limits to approximate NX protection
DMI 2.4 present.
Using APIC driver default
ACPI: Unable to locate RSDP
Intel MultiProcessor Specification v1.4
    Virtual Wire compatibility mode.
OEM ID: _HVMCPU_ Product ID: XEN          APIC at: 0xFEE00000
Processor #0 6:0 APIC version 17
I/O APIC #1 Version 17 at 0xFEC00000.
Enabling APIC mode:  Flat.  Using 1 I/O APICs
Processors: 1
Allocating PCI resources starting at 30000000 (gap: 20000000:e0000000)
Detected 3014.038 MHz processor.
Built 1 zonelists.  Total pages: 131066
Kernel command line: ro root=/dev/VolGroup00/LogVol00 console=ttyS0,9600n8
Enabling fast FPU save and restore... done.
Enabling unmasked SIMD FPU exception support... done.
Initializing CPU#0
CPU 0 irqstacks, hard=c0737000 soft=c0717000
PID hash table entries: 2048 (order: 11, 8192 bytes)
Console: colour VGA+ 80x25
Dentry cache hash table entries: 65536 (order: 6, 262144 bytes)
Inode-cache hash table entries: 32768 (order: 5, 131072 bytes)
Memory: 513116k/524264k available (2043k kernel code, 10624k reserved, 846k data, 232k init, 0k highmem)
Checking if this processor honours the WP bit even in supervisor mode... Ok.
Calibrating delay using timer specific routine.. 6032.74 BogoMIPS (lpj=3016370)
Security Framework v1.0.0 initialized
SELinux:  Initializing.
SELinux:  Starting in permissive mode
selinux_register_security:  Registering secondary module capability
Capability LSM initialized as secondary
Mount-cache hash table entries: 512
CPU: L1 I Cache: 64K (64 bytes/line), D cache 64K (64 bytes/line)
CPU: L2 Cache: 1024K (64 bytes/line)
Intel machine check architecture supported.
Intel machine check reporting enabled on CPU#0.
Checking 'hlt' instruction... OK.
SMP alternatives: switching to UP code
Freeing SMP alternatives: 16k freed
CPU0: AMD Athlon(tm) 64 X2 Dual Core Processor 6000+ stepping 03
Total of 1 processors activated (6032.74 BogoMIPS).
ENABLING IO-APIC IRQs
..TIMER: vector=0x31 apic1=0 pin1=2 apic2=-1 pin2=-1
Brought up 1 CPUs
checking if image is initramfs... it is
Freeing initrd memory: 2144k freed
NET: Registered protocol family 16
ACPI Exception (utmutex-0262): AE_BAD_PARAMETER, Thread DFD8DAA0 could not acquire Mutex [2] [20060707]
PCI: PCI BIOS revision 2.10 entry at 0xfa3b0, last bus=0
PCI: Using configuration type 1
Setting up standard PCI resources
ACPI: Interpreter disabled.
Linux Plug and Play Support v0.97 (c) Adam Belay
pnp: PnP ACPI: disabled
usbcore: registered new driver usbfs
usbcore: registered new driver hub
PCI: Probing PCI hardware
PCI: Using IRQ router PIIX/ICH [8086/7000] at 0000:00:01.0
PCI BIOS passed nonexistent PCI bus 0!
PCI BIOS passed nonexistent PCI bus 0!
NetLabel: Initializing
NetLabel:  domain hash size = 128
NetLabel:  protocols = UNLABELED CIPSOv4
NetLabel:  unlabeled traffic allowed by default
PCI: Ignore bogus resource 6 [0:0] of 0000:00:02.0
NET: Registered protocol family 2
IP route cache hash table entries: 4096 (order: 2, 16384 bytes)
TCP established hash table entries: 16384 (order: 5, 131072 bytes)
TCP bind hash table entries: 8192 (order: 4, 65536 bytes)
TCP: Hash tables configured (established 16384 bind 8192)
TCP reno registered
apm: BIOS version 1.2 Flags 0x03 (Driver version 1.16ac)
audit: initializing netlink socket (disabled)
audit(1197711545.087:1): initialized
Total HugeTLB memory allocated, 0
VFS: Disk quotas dquot_6.5.1
Dquot-cache hash table entries: 1024 (order 0, 4096 bytes)
SELinux:  Registering netfilter hooks
Initializing Cryptographic API
ksign: Installing public key data
Loading keyring
- Added public key EE79A493AEE5EDC9
- User ID: CentOS (Kernel Module GPG key)
io scheduler noop registered
io scheduler anticipatory registered
io scheduler deadline registered
io scheduler cfq registered (default)
Limiting direct PCI/PCI transfers.
PCI: PIIX3: Enabling Passive Release on 0000:00:01.0
Activating ISA DMA hang workarounds.
pci_hotplug: PCI Hot Plug PCI Core version: 0.5
Real Time Clock Driver v1.12ac
Non-volatile memory driver v1.2
Linux agpgart interface v0.101 (c) Dave Jones
Serial: 8250/16550 driver $Revision: 1.90 $ 4 ports, IRQ sharing enabled
erial8250: ttyS0 at I/O 0x3f8 (irq = 4) is a 16450
RAMDISK driver initialized: 16 RAM disks of 16384K size 4096 blocksize
Uniform Multi-Platform E-IDE driver Revision: 7.00alpha2
ide: Assuming 33MHz system bus speed for PIO modes; override with idebus=xx
PIIX3: IDE controller at PCI slot 0000:00:01.1
PIIX3: chipset revision 0
PIIX3: not 100% native mode: will probe irqs later
    ide0: BM-DMA at 0xc000-0xc007, BIOS settings: hda:pio, hdb:pio
    ide1: BM-DMA at 0xc008-0xc00f, BIOS settings: hdc:pio, hdd:pio
hda: QEMU HARDDISK, ATA DISK drive
ide0 at 0x1f0-0x1f7,0x3f6 on irq 14
hdc: QEMU CD-ROM, ATAPI CD/DVD-ROM drive
ide1 at 0x170-0x177,0x376 on irq 15
hda: max request size: 512KiB
hda: 10485760 sectors (5368 MB) w/256KiB Cache, CHS=10402/255/63, (U)DMA
hda: cache flushes supported
 hda: hda1 hda2
ide-floppy driver 0.99.newide
usbcore: registered new driver hiddev
usbcore: registered new driver usbhid
drivers/usb/input/hid-core.c: v2.6:USB HID core driver
PNP: No PS/2 controller found. Probing ports directly.
serio: i8042 AUX port at 0x60,0x64 irq 12
serio: i8042 KBD port at 0x60,0x64 irq 1
mice: PS/2 mouse device common for all mice
md: md driver 0.90.3 MAX_MD_DEVS=256, MD_SB_DISKS=27
md: bitmap version 4.39
TCP bic registered
Initializing IPsec netlink socket
NET: Registered protocol family 1
NET: Registered protocol family 17
powernow-k8: Power state transitions not supported
Using IPI No-Shortcut mode
Freeing unused kernel memory: 232k freed
Time: tsc clocksource has been installed.
Write protecting the kernel read-only data: 383k
input: AT Translated Set 2 keyboard as /class/input/input0
Red Hat nash version 5.1.19.6 starting
Mounting proc filesystem
Mounting sysfs filesystem
Creating /dev
Creating initial device nodes
Setting up hotplug.
input: ImExPS/2 Generic Explorer Mouse as /class/input/input1
Creating block device nodes.
Loading uhci-hcd.ko module
USB Universal Host Controller Interface driver v3.0
Loading ohci-hcd.ko module
Loading ehci-hcd.ko module
Loading jbd.ko module
Loading ext3.ko module
Loading dm-mod.ko module
device-mapper: ioctl: 4.11.0-ioctl (2006-09-14) initialised: dm-devel@redhat.com
Loading dm-mirror.ko module
Loading dm-zero.ko module
Loading dm-snapshot.ko module
Making device-mapper control node
Scanning logical volumes
  Reading all physical volumes.  This may take a while...
  Found volume group "VolGroup00" using metadata type lvm2
Activating logical volumes
  2 logical volume(s) in volume group "VolGroup00" now active
Trying to resume from /dev/VolGroup00/LogVol01
No suspend signature on swap, not resuming.
Creating root device.
Mounting root filesystem.
kjournald starting.  Commit interval 5 seconds
EXT3-fs: mounted filesystem with ordered data mode.
Setting up other filesystems.
Setting up new root fs
no fstab.sys, mounting internal defaults
Switching to new root and running init.
unmounting old /dev
unmounting old /proc
unmounting old /sys
SELinux:  Disabled at runtime.
SELinux:  Unregistering netfilter hooks
audit(1197711554.033:2): selinux=0 auid=4294967295
INIT: version 2.86 booting
		Welcome to  CentOS release 5 (Final)
		Press 'I' to enter interactive startup.
時計  (utc) を設定中: 2007年 12月 15日 土曜日 18:39:20 JST [  OK  ]
udev を起動中: [  OK  ]
標準キーマップ (us-acentos) を読み込み中: [  OK  ]
ホストネームを localhost.localdomain に設定中:  [  OK  ]
論理ボリューム管理を設定中:   /dev/hdc: open failed: メディアが見つかりません
  2 logical volume(s) in volume group "VolGroup00" now active
[  OK  ]
ファイルシステムを検査中
Checking all file systems.
[/sbin/fsck.ext3 (1) -- /] fsck.ext3 -a /dev/VolGroup00/LogVol00 
/dev/VolGroup00/LogVol00: clean, 81455/770304 files, 475362/770048 blocks
[/sbin/fsck.ext3 (1) -- /boot] fsck.ext3 -a /dev/hda1 
/boot: clean, 35/26104 files, 14144/104388 blocks
[  OK  ]
ルートファイルシステムを読み書きモードで再マウント中:  [  OK  ]
ローカルファイルシステムをマウント中:  [  OK  ]
ローカルファイルシステムのクォータを有効化中:  [  OK  ]
/etc/fstab スワップスペースを有効化中:  [  OK  ]
INIT: Entering runlevel: 3
非対話起動モードに移行中
readahead をバックグランドで起動中: [  OK  ]
ハードウェア変更を検査中 [  OK  ]
ループバックインターフェイスを呼び込み中 [  OK  ]
インターフェース eth0 を活性化中:  
eth0 のIP情報を検出中... 完了。
[  OK  ]
auditd を起動中: [  OK  ]
システムロガーを起動中: [  OK  ]
カーネルロガーを起動中: [  OK  ]
irqbalance を起動中: [  OK  ]
portmap を起動中: [  OK  ]
NFS statd を起動中: [  OK  ]
RPC idmapd を起動中: [  OK  ]
システムロガーを起動中: [  OK  ]
その他のファイルシステムをマウント中:  [  OK  ]
PC/SC スマートカードデーモン (pcscd) を起動中: [  OK  ]
APM デーモンを起動中: [  OK  ]
hidd を起動中: [  OK  ]
autofs を起動中:  Loading autofs4: [  OK  ]
automount を起動中: [  OK  ]
[  OK  ]
cups を起動中: [  OK  ]
sshd を起動中: [  OK  ]
コンソールマウスサービスを起動中: [  OK  ]
crond を起動中: [  OK  ]
xfs を起動中: [  OK  ]
anacron を起動中: [  OK  ]
atd を起動中: [  OK  ]
yum-updatesd を起動中: [  OK  ]
Starting Avahi daemon... [  OK  ]
HAL デーモンを起動中: [  OK  ]
smartd を起動中: [  OK  ]

CentOS release 5 (Final)
Kernel 2.6.18-8.el5 on an i686

dhcp-100-101.lab.hpcs.cs.tsukuba.ac.jp login: ------------[ cut here ]------------
kernel BUG at mm/slab.c:607!
invalid opcode: 0000 [#1]
SMP 
last sysfs file: /block/hda/removable
Modules linked in: autofs4 hidp l2cap bluetooth sunrpc ipv6 parport_pc lp parport floppy 8139too pcspkr ide_cd serio_raw 8139cp cdrom mii dm_snapshot dm_zero dm_mirror dm_mod ext3 jbd ehci_hcd ohci_hcd uhci_hcd
CPU:    0
EIP:    0060:[<c0466beb>]    Not tainted VLI
EFLAGS: 00010046   (2.6.18-8.el5 #1) 
EIP is at free_block+0x46/0xdc
eax: 00000000   ebx: dfa12000   ecx: dfe32640   edx: c252e4c0
esi: dfe32640   edi: 6972643d   ebp: df80ecc0   esp: dffeaf20
ds: 007b   es: 007b   ss: 0068
Process events/0 (pid: 5, ti=dffea000 task=dfd94550 task.ti=dffea000)
Stack: c05facb9 00000018 00000010 dfe49054 dfe49014 00000018 dfe49000 dfe32640 
       c0466cf5 00000000 df80ecc0 dfe32640 df80ecc0 dfd874c0 00000286 c0467fdf 
       00000000 00000000 c1405fe0 c1405fe4 c043210c c0467f9a 00000000 dfd874d4 
Call Trace:
 [<c05facb9>] schedule+0x90d/0x9ba
 [<c0466cf5>] drain_array+0x74/0x93
 [<c0467fdf>] cache_reap+0x45/0x100
 [<c043210c>] run_workqueue+0x78/0xb5
 [<c0467f9a>] cache_reap+0x0/0x100
 [<c04329c0>] worker_thread+0xd9/0x10d
 [<c041dc4d>] default_wake_function+0x0/0xc
 [<c04328e7>] worker_thread+0x0/0x10d
 [<c0434d99>] kthread+0xc0/0xeb
 [<c0434cd9>] kthread+0x0/0xeb
 [<c0404c3b>] kernel_thread_helper+0x7/0x10
 =======================
Code: 00 00 00 8b 44 24 0c 8b 38 8d 97 00 00 00 40 c1 ea 0c c1 e2 05 03 15 90 36 79 c0 8b 02 f6 c4 40 74 03 8b 52 0c 8b 02 84 c0 78 08 <0f> 0b 5f 02 05 0f 62 c0 8b 5a 1c 8b 54 24 24 89 d8 8b b4 95 90 
EIP: [<c0466beb>] free_block+0x46/0xdc SS:ESP 0068:dffeaf20
 <0>Kernel panic - not syncing: Fatal exception
 Trying 127.0.0.1...
Trying 127.0.0.1...
Trying 127.0.0.1...
Connected to localhost.localdomain (127.0.0.1).
Escape character is '^]'.
Linux version 2.6.18-8.el5 (mockbuild@builder4.centos.org) (gcc version 4.1.1 20070105 (Red Hat 4.1.1-52)) #1 SMP Thu Mar 15 19:57:35 EDT 2007
BIOS-provided physical RAM map:
 BIOS-e820: 0000000000000000 - 000000000009fc00 (usable)
 BIOS-e820: 000000000009fc00 - 00000000000a0000 (reserved)
 BIOS-e820: 00000000000e0000 - 0000000000100000 (reserved)
 BIOS-e820: 0000000000100000 - 000000001fffac00 (usable)
 BIOS-e820: 000000001fffac00 - 0000000020000000 (reserved)
0MB HIGHMEM available.
511MB LOWMEM available.
found SMP MP-table at 000fccd0
Using x86 segment limits to approximate NX protection
DMI 2.4 present.
Using APIC driver default
ACPI: Unable to locate RSDP
Intel MultiProcessor Specification v1.4
    Virtual Wire compatibility mode.
OEM ID: _HVMCPU_ Product ID: XEN          APIC at: 0xFEE00000
Processor #0 6:0 APIC version 17
I/O APIC #1 Version 17 at 0xFEC00000.
Enabling APIC mode:  Flat.  Using 1 I/O APICs
Processors: 1
Allocating PCI resources starting at 30000000 (gap: 20000000:e0000000)
Detected 3013.968 MHz processor.
Built 1 zonelists.  Total pages: 131066
Kernel command line: ro root=/dev/VolGroup00/LogVol00 console=ttyS0,9600n8
Enabling fast FPU save and restore... done.
Enabling unmasked SIMD FPU exception support... done.
Initializing CPU#0
CPU 0 irqstacks, hard=c0737000 soft=c0717000
PID hash table entries: 2048 (order: 11, 8192 bytes)
Console: colour VGA+ 80x25
Dentry cache hash table entries: 65536 (order: 6, 262144 bytes)
Inode-cache hash table entries: 32768 (order: 5, 131072 bytes)
Memory: 513116k/524264k available (2043k kernel code, 10624k reserved, 846k data, 232k init, 0k highmem)
Checking if this processor honours the WP bit even in supervisor mode... Ok.
Calibrating delay using timer specific routine.. 6032.69 BogoMIPS (lpj=3016348)
Security Framework v1.0.0 initialized
SELinux:  Initializing.
SELinux:  Starting in permissive mode
selinux_register_security:  Registering secondary module capability
Capability LSM initialized as secondary
Mount-cache hash table entries: 512
CPU: L1 I Cache: 64K (64 bytes/line), D cache 64K (64 bytes/line)
CPU: L2 Cache: 1024K (64 bytes/line)
Intel machine check architecture supported.
Intel machine check reporting enabled on CPU#0.
Checking 'hlt' instruction... OK.
SMP alternatives: switching to UP code
Freeing SMP alternatives: 16k freed
CPU0: AMD Athlon(tm) 64 X2 Dual Core Processor 6000+ stepping 03
Total of 1 processors activated (6032.69 BogoMIPS).
ENABLING IO-APIC IRQs
..TIMER: vector=0x31 apic1=0 pin1=2 apic2=-1 pin2=-1
Brought up 1 CPUs
checking if image is initramfs... it is
Freeing initrd memory: 2144k freed
NET: Registered protocol family 16
ACPI Exception (utmutex-0262): AE_BAD_PARAMETER, Thread DFD8DAA0 could not acquire Mutex [2] [20060707]
PCI: PCI BIOS revision 2.10 entry at 0xfa3b0, last bus=0
PCI: Using configuration type 1
Setting up standard PCI resources
ACPI: Interpreter disabled.
Linux Plug and Play Support v0.97 (c) Adam Belay
pnp: PnP ACPI: disabled
usbcore: registered new driver usbfs
usbcore: registered new driver hub
PCI: Probing PCI hardware
PCI: Using IRQ router PIIX/ICH [8086/7000] at 0000:00:01.0
PCI BIOS passed nonexistent PCI bus 0!
PCI BIOS passed nonexistent PCI bus 0!
NetLabel: Initializing
NetLabel:  domain hash size = 128
NetLabel:  protocols = UNLABELED CIPSOv4
NetLabel:  unlabeled traffic allowed by default
PCI: Ignore bogus resource 6 [0:0] of 0000:00:02.0
NET: Registered protocol family 2
IP route cache hash table entries: 4096 (order: 2, 16384 bytes)
TCP established hash table entries: 16384 (order: 5, 131072 bytes)
TCP bind hash table entries: 8192 (order: 4, 65536 bytes)
TCP: Hash tables configured (established 16384 bind 8192)
TCP reno registered
apm: BIOS version 1.2 Flags 0x03 (Driver version 1.16ac)
audit: initializing netlink socket (disabled)
audit(1197711777.144:1): initialized
Total HugeTLB memory allocated, 0
VFS: Disk quotas dquot_6.5.1
Dquot-cache hash table entries: 1024 (order 0, 4096 bytes)
SELinux:  Registering netfilter hooks
Initializing Cryptographic API
ksign: Installing public key data
Loading keyring
- Added public key EE79A493AEE5EDC9
- User ID: CentOS (Kernel Module GPG key)
io scheduler noop registered
io scheduler anticipatory registered
io scheduler deadline registered
io scheduler cfq registered (default)
Limiting direct PCI/PCI transfers.
PCI: PIIX3: Enabling Passive Release on 0000:00:01.0
Activating ISA DMA hang workarounds.
pci_hotplug: PCI Hot Plug PCI Core version: 0.5
Real Time Clock Driver v1.12ac
Non-volatile memory driver v1.2
Linux agpgart interface v0.101 (c) Dave Jones
Serial: 8250/16550 driver $Revision: 1.90 $ 4 ports, IRQ sharing enabled
erial8250: ttyS0 at I/O 0x3f8 (irq = 4) is a 16450
RAMDISK driver initialized: 16 RAM disks of 16384K size 4096 blocksize
Uniform Multi-Platform E-IDE driver Revision: 7.00alpha2
ide: Assuming 33MHz system bus speed for PIO modes; override with idebus=xx
PIIX3: IDE controller at PCI slot 0000:00:01.1
PIIX3: chipset revision 0
PIIX3: not 100% native mode: will probe irqs later
    ide0: BM-DMA at 0xc000-0xc007, BIOS settings: hda:pio, hdb:pio
    ide1: BM-DMA at 0xc008-0xc00f, BIOS settings: hdc:pio, hdd:pio
hda: QEMU HARDDISK, ATA DISK drive
ide0 at 0x1f0-0x1f7,0x3f6 on irq 14
hdc: QEMU CD-ROM, ATAPI CD/DVD-ROM drive
ide1 at 0x170-0x177,0x376 on irq 15
hda: max request size: 512KiB
hda: 10485760 sectors (5368 MB) w/256KiB Cache, CHS=10402/255/63, (U)DMA
hda: cache flushes supported
 hda: hda1 hda2
ide-floppy driver 0.99.newide
usbcore: registered new driver hiddev
usbcore: registered new driver usbhid
drivers/usb/input/hid-core.c: v2.6:USB HID core driver
PNP: No PS/2 controller found. Probing ports directly.
serio: i8042 AUX port at 0x60,0x64 irq 12
serio: i8042 KBD port at 0x60,0x64 irq 1
mice: PS/2 mouse device common for all mice
md: md driver 0.90.3 MAX_MD_DEVS=256, MD_SB_DISKS=27
md: bitmap version 4.39
TCP bic registered
Initializing IPsec netlink socket
NET: Registered protocol family 1
NET: Registered protocol family 17
powernow-k8: Power state transitions not supported
Using IPI No-Shortcut mode
Freeing unused kernel memory: 232k freed
Time: tsc clocksource has been installed.
Write protecting the kernel read-only data: 383k
input: AT Translated Set 2 keyboard as /class/input/input0
Red Hat nash version 5.1.19.6 starting
Mounting proc filesystem
Mounting sysfs filesystem
Creating /dev
Creating initial device nodes
Setting up hotplug.
input: ImExPS/2 Generic Explorer Mouse as /class/input/input1
Creating block device nodes.
Loading uhci-hcd.ko module
USB Universal Host Controller Interface driver v3.0
Loading ohci-hcd.ko module
Loading ehci-hcd.ko module
Loading jbd.ko module
Loading ext3.ko module
Loading dm-mod.ko module
device-mapper: ioctl: 4.11.0-ioctl (2006-09-14) initialised: dm-devel@redhat.com
Loading dm-mirror.ko module
Loading dm-zero.ko module
Loading dm-snapshot.ko module
Making device-mapper control node
Scanning logical volumes
  Reading all physical volumes.  This may take a while...
  Found volume group "VolGroup00" using metadata type lvm2
Activating logical volumes
  2 logical volume(s) in volume group "VolGroup00" now active
Trying to resume from /dev/VolGroup00/LogVol01
No suspend signature on swap, not resuming.
Creating root device.
Mounting root filesystem.
EXT3-fs: INFO: recovery required on readonly filesystem.
EXT3-fs: write access will be enabled during recovery.
kjournald starting.  Commit interval 5 seconds
EXT3-fs: recovery complete.
EXT3-fs: mounted filesystem with ordered data mode.
Setting up other filesystems.
Setting up new root fs
no fstab.sys, mounting internal defaults
Switching to new root and running init.
unmounting old /dev
unmounting old /proc
unmounting old /sys
SELinux:  Disabled at runtime.
SELinux:  Unregistering netfilter hooks
audit(1197711785.754:2): selinux=0 auid=4294967295
INIT: version 2.86 booting
		Welcome to  CentOS release 5 (Final)
		Press 'I' to enter interactive startup.
時計  (utc) を設定中: 2007年 12月 15日 土曜日 18:43:11 JST [  OK  ]
udev を起動中: [  OK  ]
標準キーマップ (us-acentos) を読み込み中: [  OK  ]
ホストネームを localhost.localdomain に設定中:  [  OK  ]
論理ボリューム管理を設定中:   /dev/hdc: open failed: メディアが見つかりません
  2 logical volume(s) in volume group "VolGroup00" now active
[  OK  ]
ファイルシステムを検査中
Checking all file systems.
[/sbin/fsck.ext3 (1) -- /] fsck.ext3 -a /dev/VolGroup00/LogVol00 
/dev/VolGroup00/LogVol00: clean, 81504/770304 files, 475408/770048 blocks
[/sbin/fsck.ext3 (1) -- /boot] fsck.ext3 -a /dev/hda1 
/boot: recovering journal
/boot: clean, 35/26104 files, 14144/104388 blocks
[  OK  ]
ルートファイルシステムを読み書きモードで再マウント中:  [  OK  ]
ローカルファイルシステムをマウント中:  [  OK  ]
ローカルファイルシステムのクォータを有効化中:  [  OK  ]
/etc/fstab スワップスペースを有効化中:  [  OK  ]
INIT: Entering runlevel: 3
非対話起動モードに移行中
readahead をバックグランドで起動中: [  OK  ]
ハードウェア変更を検査中 [  OK  ]
ループバックインターフェイスを呼び込み中 [  OK  ]
インターフェース eth0 を活性化中:  
eth0 のIP情報を検出中... 完了。
[  OK  ]
auditd を起動中: [  OK  ]
システムロガーを起動中: [  OK  ]
カーネルロガーを起動中: [  OK  ]
irqbalance を起動中: [  OK  ]
portmap を起動中: [  OK  ]
NFS statd を起動中: [  OK  ]
RPC idmapd を起動中: [  OK  ]
システムロガーを起動中: [  OK  ]
その他のファイルシステムをマウント中:  [  OK  ]
PC/SC スマートカードデーモン (pcscd) を起動中: [  OK  ]
APM デーモンを起動中: [  OK  ]
hidd を起動中: [  OK  ]
autofs を起動中:  Loading autofs4: [  OK  ]
automount を起動中: [  OK  ]
[  OK  ]
cups を起動中: [  OK  ]
sshd を起動中: [  OK  ]
コンソールマウスサービスを起動中: [  OK  ]
crond を起動中: [  OK  ]
xfs を起動中: [  OK  ]
anacron を起動中: [  OK  ]
atd を起動中: [  OK  ]
yum-updatesd を起動中: [  OK  ]
Starting Avahi daemon... [  OK  ]
HAL デーモンを起動中: [  OK  ]
smartd を起動中: [  OK  ]

CentOS release 5 (Final)
Kernel 2.6.18-8.el5 on an i686

dhcp-100-101.lab.hpcs.cs.tsukuba.ac.jp login: ------------[ cut here ]------------
kernel BUG at mm/slab.c:607!
invalid opcode: 0000 [#1]
SMP 
last sysfs file: /block/hda/removable
Modules linked in: autofs4 hidp l2cap bluetooth sunrpc ipv6 parport_pc lp parport floppy 8139too 8139cp mii ide_cd serio_raw cdrom pcspkr dm_snapshot dm_zero dm_mirror dm_mod ext3 jbd ehci_hcd ohci_hcd uhci_hcd
CPU:    0
EIP:    0060:[<c0466beb>]    Not tainted VLI
EFLAGS: 00010046   (2.6.18-8.el5 #1) 
EIP is at free_block+0x46/0xdc
eax: 00000000   ebx: c17c7014   ecx: 00000002   edx: c1800000
esi: 00000002   edi: 00000000   ebp: dff38280   esp: dffeaf20
ds: 007b   es: 007b   ss: 0068
Process events/0 (pid: 5, ti=dffea000 task=dfd94550 task.ti=dffea000)
Stack: c05facb9 00000002 00000000 c17c7014 c17c7014 00000002 c17c7000 dff60140 
       c0466cf5 00000000 dff38280 dff60140 dff38280 dfd874c0 00000286 c0468008 
       00000000 00000000 c1405fe0 c1405fe4 c043210c c0467f9a 00000000 dfd874d4 
Call Trace:
 [<c05facb9>] schedule+0x90d/0x9ba
 [<c0466cf5>] drain_array+0x74/0x93
 [<c0468008>] cache_reap+0x6e/0x100
 [<c043210c>] run_workqueue+0x78/0xb5
 [<c0467f9a>] cache_reap+0x0/0x100
 [<c04329c0>] worker_thread+0xd9/0x10d
 [<c041dc4d>] default_wake_function+0x0/0xc
 [<c04328e7>] worker_thread+0x0/0x10d
 [<c0434d99>] kthread+0xc0/0xeb
 [<c0434cd9>] kthread+0x0/0xeb
 [<c0404c3b>] kernel_thread_helper+0x7/0x10
 =======================
Code: 00 00 00 8b 44 24 0c 8b 38 8d 97 00 00 00 40 c1 ea 0c c1 e2 05 03 15 90 36 79 c0 8b 02 f6 c4 40 74 03 8b 52 0c 8b 02 84 c0 78 08 <0f> 0b 5f 02 05 0f 62 c0 8b 5a 1c 8b 54 24 24 89 d8 8b b4 95 90 
EIP: [<c0466beb>] free_block+0x46/0xdc SS:ESP 0068:dffeaf20
 <0>Kernel panic - not syncing: Fatal exception
 Trying 127.0.0.1...
Trying 127.0.0.1...
Trying 127.0.0.1...
Trying 127.0.0.1...
Trying 127.0.0.1...
Trying 127.0.0.1...
Trying 127.0.0.1...
Trying 127.0.0.1...
Trying 127.0.0.1...
Trying 127.0.0.1...
Trying 127.0.0.1...
Trying 127.0.0.1...
Trying 127.0.0.1...
Connected to localhost.localdomain (127.0.0.1).
Escape character is '^]'.
Linux version 2.6.18-8.el5 (mockbuild@builder4.centos.org) (gcc version 4.1.1 20070105 (Red Hat 4.1.1-52)) #1 SMP Thu Mar 15 19:57:35 EDT 2007
BIOS-provided physical RAM map:
 BIOS-e820: 0000000000000000 - 000000000009fc00 (usable)
 BIOS-e820: 000000000009fc00 - 00000000000a0000 (reserved)
 BIOS-e820: 00000000000e0000 - 0000000000100000 (reserved)
 BIOS-e820: 0000000000100000 - 000000001fffac00 (usable)
 BIOS-e820: 000000001fffac00 - 0000000020000000 (reserved)
0MB HIGHMEM available.
511MB LOWMEM available.
found SMP MP-table at 000fccd0
Using x86 segment limits to approximate NX protection
DMI 2.4 present.
Using APIC driver default
ACPI: Unable to locate RSDP
Intel MultiProcessor Specification v1.4
    Virtual Wire compatibility mode.
OEM ID: _HVMCPU_ Product ID: XEN          APIC at: 0xFEE00000
Processor #0 6:0 APIC version 17
I/O APIC #1 Version 17 at 0xFEC00000.
Enabling APIC mode:  Flat.  Using 1 I/O APICs
Processors: 1
Allocating PCI resources starting at 30000000 (gap: 20000000:e0000000)
Detected 3013.926 MHz processor.
Built 1 zonelists.  Total pages: 131066
Kernel command line: ro root=/dev/VolGroup00/LogVol00 console=ttyS0,9600n8
Enabling fast FPU save and restore... done.
Enabling unmasked SIMD FPU exception support... done.
Initializing CPU#0
CPU 0 irqstacks, hard=c0737000 soft=c0717000
PID hash table entries: 2048 (order: 11, 8192 bytes)
Console: colour VGA+ 80x25
Dentry cache hash table entries: 65536 (order: 6, 262144 bytes)
Inode-cache hash table entries: 32768 (order: 5, 131072 bytes)
Memory: 513116k/524264k available (2043k kernel code, 10624k reserved, 846k data, 232k init, 0k highmem)
Checking if this processor honours the WP bit even in supervisor mode... Ok.
Calibrating delay using timer specific routine.. 6032.75 BogoMIPS (lpj=3016376)
Security Framework v1.0.0 initialized
SELinux:  Initializing.
SELinux:  Starting in permissive mode
selinux_register_security:  Registering secondary module capability
Capability LSM initialized as secondary
Mount-cache hash table entries: 512
CPU: L1 I Cache: 64K (64 bytes/line), D cache 64K (64 bytes/line)
CPU: L2 Cache: 1024K (64 bytes/line)
Intel machine check architecture supported.
Intel machine check reporting enabled on CPU#0.
Checking 'hlt' instruction... OK.
SMP alternatives: switching to UP code
Freeing SMP alternatives: 16k freed
CPU0: AMD Athlon(tm) 64 X2 Dual Core Processor 6000+ stepping 03
Total of 1 processors activated (6032.75 BogoMIPS).
ENABLING IO-APIC IRQs
..TIMER: vector=0x31 apic1=0 pin1=2 apic2=-1 pin2=-1
Brought up 1 CPUs
checking if image is initramfs... it is
Freeing initrd memory: 2144k freed
NET: Registered protocol family 16
ACPI Exception (utmutex-0262): AE_BAD_PARAMETER, Thread DFD8DAA0 could not acquire Mutex [2] [20060707]
PCI: PCI BIOS revision 2.10 entry at 0xfa3b0, last bus=0
PCI: Using configuration type 1
Setting up standard PCI resources
ACPI: Interpreter disabled.
Linux Plug and Play Support v0.97 (c) Adam Belay
pnp: PnP ACPI: disabled
usbcore: registered new driver usbfs
usbcore: registered new driver hub
PCI: Probing PCI hardware
PCI: Using IRQ router PIIX/ICH [8086/7000] at 0000:00:01.0
PCI BIOS passed nonexistent PCI bus 0!
PCI BIOS passed nonexistent PCI bus 0!
NetLabel: Initializing
NetLabel:  domain hash size = 128
NetLabel:  protocols = UNLABELED CIPSOv4
NetLabel:  unlabeled traffic allowed by default
PCI: Ignore bogus resource 6 [0:0] of 0000:00:02.0
NET: Registered protocol family 2
IP route cache hash table entries: 4096 (order: 2, 16384 bytes)
TCP established hash table entries: 16384 (order: 5, 131072 bytes)
TCP bind hash table entries: 8192 (order: 4, 65536 bytes)
TCP: Hash tables configured (established 16384 bind 8192)
TCP reno registered
apm: BIOS version 1.2 Flags 0x03 (Driver version 1.16ac)
audit: initializing netlink socket (disabled)
audit(1197711838.147:1): initialized
Total HugeTLB memory allocated, 0
VFS: Disk quotas dquot_6.5.1
Dquot-cache hash table entries: 1024 (order 0, 4096 bytes)
SELinux:  Registering netfilter hooks
Initializing Cryptographic API
ksign: Installing public key data
Loading keyring
- Added public key EE79A493AEE5EDC9
- User ID: CentOS (Kernel Module GPG key)
io scheduler noop registered
io scheduler anticipatory registered
io scheduler deadline registered
io scheduler cfq registered (default)
Limiting direct PCI/PCI transfers.
PCI: PIIX3: Enabling Passive Release on 0000:00:01.0
Activating ISA DMA hang workarounds.
pci_hotplug: PCI Hot Plug PCI Core version: 0.5
Real Time Clock Driver v1.12ac
Non-volatile memory driver v1.2
Linux agpgart interface v0.101 (c) Dave Jones
Serial: 8250/16550 driver $Revision: 1.90 $ 4 ports, IRQ sharing enabled
erial8250: ttyS0 at I/O 0x3f8 (irq = 4) is a 16450
RAMDISK driver initialized: 16 RAM disks of 16384K size 4096 blocksize
Uniform Multi-Platform E-IDE driver Revision: 7.00alpha2
ide: Assuming 33MHz system bus speed for PIO modes; override with idebus=xx
PIIX3: IDE controller at PCI slot 0000:00:01.1
PIIX3: chipset revision 0
PIIX3: not 100% native mode: will probe irqs later
    ide0: BM-DMA at 0xc000-0xc007, BIOS settings: hda:pio, hdb:pio
    ide1: BM-DMA at 0xc008-0xc00f, BIOS settings: hdc:pio, hdd:pio
hda: QEMU HARDDISK, ATA DISK drive
ide0 at 0x1f0-0x1f7,0x3f6 on irq 14
hdc: QEMU CD-ROM, ATAPI CD/DVD-ROM drive
ide1 at 0x170-0x177,0x376 on irq 15
hda: max request size: 512KiB
hda: 10485760 sectors (5368 MB) w/256KiB Cache, CHS=10402/255/63, (U)DMA
hda: cache flushes supported
 hda: hda1 hda2
ide-floppy driver 0.99.newide
usbcore: registered new driver hiddev
usbcore: registered new driver usbhid
drivers/usb/input/hid-core.c: v2.6:USB HID core driver
PNP: No PS/2 controller found. Probing ports directly.
serio: i8042 AUX port at 0x60,0x64 irq 12
serio: i8042 KBD port at 0x60,0x64 irq 1
mice: PS/2 mouse device common for all mice
md: md driver 0.90.3 MAX_MD_DEVS=256, MD_SB_DISKS=27
md: bitmap version 4.39
TCP bic registered
Initializing IPsec netlink socket
NET: Registered protocol family 1
NET: Registered protocol family 17
powernow-k8: Power state transitions not supported
Using IPI No-Shortcut mode
Freeing unused kernel memory: 232k freed
Time: tsc clocksource has been installed.
Write protecting the kernel read-only data: 383k
Red Hat nash version 5.1.19.6 starting
Mounting proc filesystem
Mounting sysfs filesystem
Creating /dev
Creating initial device nodes
Setting up hotplug.
input: AT Translated Set 2 keyboard as /class/input/input0
input: ImExPS/2 Generic Explorer Mouse as /class/input/input1
Creating block device nodes.
Loading uhci-hcd.ko module
USB Universal Host Controller Interface driver v3.0
Loading ohci-hcd.ko module
Loading ehci-hcd.ko module
Loading jbd.ko module
Loading ext3.ko module
Loading dm-mod.ko module
device-mapper: ioctl: 4.11.0-ioctl (2006-09-14) initialised: dm-devel@redhat.com
Loading dm-mirror.ko module
Loading dm-zero.ko module
Loading dm-snapshot.ko module
Making device-mapper control node
Scanning logical volumes
  Reading all physical volumes.  This may take a while...
  Found volume group "VolGroup00" using metadata type lvm2
Activating logical volumes
  2 logical volume(s) in volume group "VolGroup00" now active
Trying to resume from /dev/VolGroup00/LogVol01
No suspend signature on swap, not resuming.
Creating root device.
Mounting root filesystem.
EXT3-fs: INFO: recovery required on readonly filesystem.
EXT3-fs: write access will be enabled during recovery.
kjournald starting.  Commit interval 5 seconds
EXT3-fs: recovery complete.
EXT3-fs: mounted filesystem with ordered data mode.
Setting up other filesystems.
Setting up new root fs
no fstab.sys, mounting internal defaults
Switching to new root and running init.
unmounting old /dev
unmounting old /proc
unmounting old /sys
SELinux:  Disabled at runtime.
SELinux:  Unregistering netfilter hooks
audit(1197711847.019:2): selinux=0 auid=4294967295
INIT: version 2.86 booting
		Welcome to  CentOS release 5 (Final)
		Press 'I' to enter interactive startup.
時計  (utc) を設定中: 2007年 12月 15日 土曜日 18:44:13 JST [  OK  ]
udev を起動中: [  OK  ]
標準キーマップ (us-acentos) を読み込み中: [  OK  ]
ホストネームを localhost.localdomain に設定中:  [  OK  ]
論理ボリューム管理を設定中:   /dev/hdc: open failed: メディアが見つかりません
  2 logical volume(s) in volume group "VolGroup00" now active
[  OK  ]
ファイルシステムを検査中
Checking all file systems.
[/sbin/fsck.ext3 (1) -- /] fsck.ext3 -a /dev/VolGroup00/LogVol00 
/dev/VolGroup00/LogVol00: clean, 81504/770304 files, 475311/770048 blocks
[/sbin/fsck.ext3 (1) -- /boot] fsck.ext3 -a /dev/hda1 
/boot: recovering journal
/boot: clean, 35/26104 files, 14144/104388 blocks
[  OK  ]
ルートファイルシステムを読み書きモードで再マウント中:  [  OK  ]
ローカルファイルシステムをマウント中:  [  OK  ]
ローカルファイルシステムのクォータを有効化中:  [  OK  ]
/etc/fstab スワップスペースを有効化中:  [  OK  ]
INIT: Entering runlevel: 3
非対話起動モードに移行中
readahead をバックグランドで起動中: [  OK  ]
ハードウェア変更を検査中 [  OK  ]
ループバックインターフェイスを呼び込み中 [  OK  ]
インターフェース eth0 を活性化中:  
eth0 のIP情報を検出中... 完了。
[  OK  ]
auditd を起動中: [  OK  ]
システムロガーを起動中: [  OK  ]
カーネルロガーを起動中: [  OK  ]
irqbalance を起動中: [  OK  ]
portmap を起動中: [  OK  ]
NFS statd を起動中: [  OK  ]
RPC idmapd を起動中: [  OK  ]
システムロガーを起動中: [  OK  ]
その他のファイルシステムをマウント中:  [  OK  ]
PC/SC スマートカードデーモン (pcscd) を起動中: [  OK  ]
APM デーモンを起動中: [  OK  ]
hidd を起動中: [  OK  ]
autofs を起動中:  Loading autofs4: [  OK  ]
automount を起動中: [  OK  ]
[  OK  ]
cups を起動中: [  OK  ]
sshd を起動中: [  OK  ]
コンソールマウスサービスを起動中: [  OK  ]
crond を起動中: [  OK  ]
xfs を起動中: [  OK  ]
anacron を起動中: [  OK  ]
atd を起動中: [  OK  ]
yum-updatesd を起動中: [  OK  ]
Starting Avahi daemon... [  OK  ]
HAL デーモンを起動中: [  OK  ]
smartd を起動中: [  OK  ]

CentOS release 5 (Final)
Kernel 2.6.18-8.el5 on an i686

dhcp-100-101.lab.hpcs.cs.tsukuba.ac.jp login: list_del corruption. next->prev should be d5d24000, but was 000adaf2
------------[ cut here ]------------
kernel BUG at lib/list_debug.c:70!
invalid opcode: 0000 [#1]
SMP 
last sysfs file: /block/hda/removable
Modules linked in: autofs4 hidp l2cap bluetooth sunrpc ipv6 parport_pc lp parport floppy pcspkr 8139too 8139cp mii serio_raw ide_cd cdrom dm_snapshot dm_zero dm_mirror dm_mod ext3 jbd ehci_hcd ohci_hcd uhci_hcd
CPU:    0
EIP:    0060:[<c04e0280>]    Not tainted VLI
EFLAGS: 00010046   (2.6.18-8.el5 #1) 
EIP is at list_del+0x38/0x5c
eax: 00000048   ebx: d5d24000   ecx: c0629814   edx: dffeaf10
esi: dfe32540   edi: d5d249d8   ebp: df8108c0   esp: dffeaf0c
ds: 007b   es: 007b   ss: 0068
Process events/0 (pid: 5, ti=dffea000 task=dfd94550 task.ti=dffea000)
Stack: c0629814 d5d24000 000adaf2 d5d24000 c0466c08 c05facb9 00000002 00000000 
       df81fe94 df81fe94 00000002 df81fe80 dfe32540 c0466cf5 00000000 df8108c0 
       dfe32540 df8108c0 dfd874c0 00000286 c0467fdf 00000000 00000000 c1405fe0 
Call Trace:
 [<c0466c08>] free_block+0x63/0xdc
 [<c05facb9>] schedule+0x90d/0x9ba
 [<c0466cf5>] drain_array+0x74/0x93
 [<c0467fdf>] cache_reap+0x45/0x100
 [<c043210c>] run_workqueue+0x78/0xb5
 [<c0467f9a>] cache_reap+0x0/0x100
 [<c04329c0>] worker_thread+0xd9/0x10d
 [<c041dc4d>] default_wake_function+0x0/0xc
 [<c04328e7>] worker_thread+0x0/0x10d
 [<c0434d99>] kthread+0xc0/0xeb
 [<c0434cd9>] kthread+0x0/0xeb
 [<c0404c3b>] kernel_thread_helper+0x7/0x10
 =======================
Code: 53 68 c6 97 62 c0 e8 04 3f f4 ff 0f 0b 41 00 03 98 62 c0 83 c4 0c 8b 03 8b 40 04 39 d8 74 17 50 53 68 14 98 62 c0 e8 e4 3e f4 ff <0f> 0b 46 00 03 98 62 c0 83 c4 0c 8b 13 8b 43 04 89 42 04 89 10 
EIP: [<c04e0280>] list_del+0x38/0x5c SS:ESP 0068:dffeaf0c
 <0>Kernel panic - not syncing: Fatal exception
 Trying 127.0.0.1...
Trying 127.0.0.1...
Trying 127.0.0.1...
Trying 127.0.0.1...
Trying 127.0.0.1...
Trying 127.0.0.1...
Trying 127.0.0.1...
Connected to localhost.localdomain (127.0.0.1).
Escape character is '^]'.
Linux version 2.6.18-8.el5 (mockbuild@builder4.centos.org) (gcc version 4.1.1 20070105 (Red Hat 4.1.1-52)) #1 SMP Thu Mar 15 19:57:35 EDT 2007
BIOS-provided physical RAM map:
 BIOS-e820: 0000000000000000 - 000000000009fc00 (usable)
 BIOS-e820: 000000000009fc00 - 00000000000a0000 (reserved)
 BIOS-e820: 00000000000e0000 - 0000000000100000 (reserved)
 BIOS-e820: 0000000000100000 - 000000001fffac00 (usable)
 BIOS-e820: 000000001fffac00 - 0000000020000000 (reserved)
0MB HIGHMEM available.
511MB LOWMEM available.
found SMP MP-table at 000fccd0
Using x86 segment limits to approximate NX protection
DMI 2.4 present.
Using APIC driver default
ACPI: Unable to locate RSDP
Intel MultiProcessor Specification v1.4
    Virtual Wire compatibility mode.
OEM ID: _HVMCPU_ Product ID: XEN          APIC at: 0xFEE00000
Processor #0 6:0 APIC version 17
I/O APIC #1 Version 17 at 0xFEC00000.
Enabling APIC mode:  Flat.  Using 1 I/O APICs
Processors: 1
Allocating PCI resources starting at 30000000 (gap: 20000000:e0000000)
Detected 3013.935 MHz processor.
Built 1 zonelists.  Total pages: 131066
Kernel command line: ro root=/dev/VolGroup00/LogVol00 console=ttyS0,9600n8
Enabling fast FPU save and restore... done.
Enabling unmasked SIMD FPU exception support... done.
Initializing CPU#0
CPU 0 irqstacks, hard=c0737000 soft=c0717000
PID hash table entries: 2048 (order: 11, 8192 bytes)
Console: colour VGA+ 80x25
Dentry cache hash table entries: 65536 (order: 6, 262144 bytes)
Inode-cache hash table entries: 32768 (order: 5, 131072 bytes)
Memory: 513116k/524264k available (2043k kernel code, 10624k reserved, 846k data, 232k init, 0k highmem)
Checking if this processor honours the WP bit even in supervisor mode... Ok.
Calibrating delay using timer specific routine.. 6036.56 BogoMIPS (lpj=3018284)
Security Framework v1.0.0 initialized
SELinux:  Initializing.
SELinux:  Starting in permissive mode
selinux_register_security:  Registering secondary module capability
Capability LSM initialized as secondary
Mount-cache hash table entries: 512
CPU: L1 I Cache: 64K (64 bytes/line), D cache 64K (64 bytes/line)
CPU: L2 Cache: 1024K (64 bytes/line)
Intel machine check architecture supported.
Intel machine check reporting enabled on CPU#0.
Checking 'hlt' instruction... OK.
SMP alternatives: switching to UP code
Freeing SMP alternatives: 16k freed
CPU0: AMD Athlon(tm) 64 X2 Dual Core Processor 6000+ stepping 03
Total of 1 processors activated (6036.56 BogoMIPS).
ENABLING IO-APIC IRQs
..TIMER: vector=0x31 apic1=0 pin1=2 apic2=-1 pin2=-1
Brought up 1 CPUs
checking if image is initramfs... it is
Freeing initrd memory: 2144k freed
NET: Registered protocol family 16
ACPI Exception (utmutex-0262): AE_BAD_PARAMETER, Thread DFD8DAA0 could not acquire Mutex [2] [20060707]
PCI: PCI BIOS revision 2.10 entry at 0xfa3b0, last bus=0
PCI: Using configuration type 1
Setting up standard PCI resources
ACPI: Interpreter disabled.
Linux Plug and Play Support v0.97 (c) Adam Belay
pnp: PnP ACPI: disabled
usbcore: registered new driver usbfs
usbcore: registered new driver hub
PCI: Probing PCI hardware
PCI: Using IRQ router PIIX/ICH [8086/7000] at 0000:00:01.0
PCI BIOS passed nonexistent PCI bus 0!
PCI BIOS passed nonexistent PCI bus 0!
NetLabel: Initializing
NetLabel:  domain hash size = 128
NetLabel:  protocols = UNLABELED CIPSOv4
NetLabel:  unlabeled traffic allowed by default
PCI: Ignore bogus resource 6 [0:0] of 0000:00:02.0
NET: Registered protocol family 2
IP route cache hash table entries: 4096 (order: 2, 16384 bytes)
TCP established hash table entries: 16384 (order: 5, 131072 bytes)
TCP bind hash table entries: 8192 (order: 4, 65536 bytes)
TCP: Hash tables configured (established 16384 bind 8192)
TCP reno registered
apm: BIOS version 1.2 Flags 0x03 (Driver version 1.16ac)
audit: initializing netlink socket (disabled)
audit(1197711899.102:1): initialized
Total HugeTLB memory allocated, 0
VFS: Disk quotas dquot_6.5.1
Dquot-cache hash table entries: 1024 (order 0, 4096 bytes)
SELinux:  Registering netfilter hooks
Initializing Cryptographic API
ksign: Installing public key data
Loading keyring
- Added public key EE79A493AEE5EDC9
- User ID: CentOS (Kernel Module GPG key)
io scheduler noop registered
io scheduler anticipatory registered
io scheduler deadline registered
io scheduler cfq registered (default)
Limiting direct PCI/PCI transfers.
PCI: PIIX3: Enabling Passive Release on 0000:00:01.0
Activating ISA DMA hang workarounds.
pci_hotplug: PCI Hot Plug PCI Core version: 0.5
Real Time Clock Driver v1.12ac
Non-volatile memory driver v1.2
Linux agpgart interface v0.101 (c) Dave Jones
Serial: 8250/16550 driver $Revision: 1.90 $ 4 ports, IRQ sharing enabled
erial8250: ttyS0 at I/O 0x3f8 (irq = 4) is a 16450
RAMDISK driver initialized: 16 RAM disks of 16384K size 4096 blocksize
Uniform Multi-Platform E-IDE driver Revision: 7.00alpha2
ide: Assuming 33MHz system bus speed for PIO modes; override with idebus=xx
PIIX3: IDE controller at PCI slot 0000:00:01.1
PIIX3: chipset revision 0
PIIX3: not 100% native mode: will probe irqs later
    ide0: BM-DMA at 0xc000-0xc007, BIOS settings: hda:pio, hdb:pio
    ide1: BM-DMA at 0xc008-0xc00f, BIOS settings: hdc:pio, hdd:pio
hda: QEMU HARDDISK, ATA DISK drive
ide0 at 0x1f0-0x1f7,0x3f6 on irq 14
hdc: QEMU CD-ROM, ATAPI CD/DVD-ROM drive
ide1 at 0x170-0x177,0x376 on irq 15
hda: max request size: 512KiB
hda: 10485760 sectors (5368 MB) w/256KiB Cache, CHS=10402/255/63, (U)DMA
hda: cache flushes supported
 hda: hda1 hda2
ide-floppy driver 0.99.newide
usbcore: registered new driver hiddev
usbcore: registered new driver usbhid
drivers/usb/input/hid-core.c: v2.6:USB HID core driver
PNP: No PS/2 controller found. Probing ports directly.
serio: i8042 AUX port at 0x60,0x64 irq 12
serio: i8042 KBD port at 0x60,0x64 irq 1
mice: PS/2 mouse device common for all mice
md: md driver 0.90.3 MAX_MD_DEVS=256, MD_SB_DISKS=27
md: bitmap version 4.39
TCP bic registered
Initializing IPsec netlink socket
NET: Registered protocol family 1
NET: Registered protocol family 17
powernow-k8: Power state transitions not supported
Using IPI No-Shortcut mode
Freeing unused kernel memory: 232k freed
Time: tsc clocksource has been installed.
Write protecting the kernel read-only data: 383k
input: AT Translated Set 2 keyboard as /class/input/input0
Red Hat nash version 5.1.19.6 starting
Mounting proc filesystem
Mounting sysfs filesystem
Creating /dev
Creating initial device nodes
Setting up hotplug.
input: ImExPS/2 Generic Explorer Mouse as /class/input/input1
Creating block device nodes.
Loading uhci-hcd.ko module
USB Universal Host Controller Interface driver v3.0
Loading ohci-hcd.ko module
Loading ehci-hcd.ko module
Loading jbd.ko module
Loading ext3.ko module
Loading dm-mod.ko module
device-mapper: ioctl: 4.11.0-ioctl (2006-09-14) initialised: dm-devel@redhat.com
Loading dm-mirror.ko module
Loading dm-zero.ko module
Loading dm-snapshot.ko module
Making device-mapper control node
Scanning logical volumes
  Reading all physical volumes.  This may take a while...
  Found volume group "VolGroup00" using metadata type lvm2
Activating logical volumes
  2 logical volume(s) in volume group "VolGroup00" now active
Trying to resume from /dev/VolGroup00/LogVol01
No suspend signature on swap, not resuming.
Creating root device.
Mounting root filesystem.
EXT3-fs: INFO: recovery required on readonly filesystem.
EXT3-fs: write access will be enabled during recovery.
kjournald starting.  Commit interval 5 seconds
EXT3-fs: recovery complete.
EXT3-fs: mounted filesystem with ordered data mode.
Setting up other filesystems.
Setting up new root fs
no fstab.sys, mounting internal defaults
Switching to new root and running init.
unmounting old /dev
unmounting old /proc
unmounting old /sys
SELinux:  Disabled at runtime.
SELinux:  Unregistering netfilter hooks
audit(1197711908.357:2): selinux=0 auid=4294967295
INIT: version 2.86 booting
		Welcome to  CentOS release 5 (Final)
		Press 'I' to enter interactive startup.
時計  (utc) を設定中: 2007年 12月 15日 土曜日 18:45:14 JST [  OK  ]
udev を起動中: [  OK  ]
標準キーマップ (us-acentos) を読み込み中: [  OK  ]
ホストネームを localhost.localdomain に設定中:  [  OK  ]
論理ボリューム管理を設定中:   /dev/hdc: open failed: メディアが見つかりません
  2 logical volume(s) in volume group "VolGroup00" now active
[  OK  ]
ファイルシステムを検査中
Checking all file systems.
[/sbin/fsck.ext3 (1) -- /] fsck.ext3 -a /dev/VolGroup00/LogVol00 
/dev/VolGroup00/LogVol00: clean, 81504/770304 files, 475316/770048 blocks
[/sbin/fsck.ext3 (1) -- /boot] fsck.ext3 -a /dev/hda1 
/boot: recovering journal
/boot: clean, 35/26104 files, 14144/104388 blocks
[  OK  ]
ルートファイルシステムを読み書きモードで再マウント中:  [  OK  ]
ローカルファイルシステムをマウント中:  [  OK  ]
ローカルファイルシステムのクォータを有効化中:  [  OK  ]
/etc/fstab スワップスペースを有効化中:  [  OK  ]
INIT: Entering runlevel: 3
非対話起動モードに移行中
readahead をバックグランドで起動中: [  OK  ]
ハードウェア変更を検査中 [  OK  ]
ループバックインターフェイスを呼び込み中 [  OK  ]
インターフェース eth0 を活性化中:  
eth0 のIP情報を検出中... 完了。
[  OK  ]
auditd を起動中: [  OK  ]
システムロガーを起動中: [  OK  ]
カーネルロガーを起動中: [  OK  ]
irqbalance を起動中: [  OK  ]
portmap を起動中: [  OK  ]
NFS statd を起動中: [  OK  ]
RPC idmapd を起動中: [  OK  ]
システムロガーを起動中: [  OK  ]
その他のファイルシステムをマウント中:  [  OK  ]
PC/SC スマートカードデーモン (pcscd) を起動中: [  OK  ]
APM デーモンを起動中: [  OK  ]
hidd を起動中: [  OK  ]
autofs を起動中:  Loading autofs4: [  OK  ]
automount を起動中: [  OK  ]
[  OK  ]
cups を起動中: [  OK  ]
sshd を起動中: [  OK  ]
コンソールマウスサービスを起動中: [  OK  ]
crond を起動中: [  OK  ]
xfs を起動中: [  OK  ]
anacron を起動中: [  OK  ]
atd を起動中: [  OK  ]
yum-updatesd を起動中: [  OK  ]
Starting Avahi daemon... [  OK  ]
HAL デーモンを起動中: [  OK  ]
smartd を起動中: [  OK  ]

CentOS release 5 (Final)
Kernel 2.6.18-8.el5 on an i686

dhcp-100-101.lab.hpcs.cs.tsukuba.ac.jp login: BUG: unable to handle kernel NULL pointer dereference at virtual address 0000000a
 printing eip:
c045c5a4
*pde = 00000000
Oops: 0000 [#1]
SMP 
last sysfs file: /block/hda/removable
Modules linked in: autofs4 hidp l2cap bluetooth sunrpc ipv6 parport_pc lp parport floppy pcspkr ide_cd cdrom serio_raw 8139too 8139cp mii dm_snapshot dm_zero dm_mirror dm_mod ext3 jbd ehci_hcd ohci_hcd uhci_hcd
CPU:    0
EIP:    0060:[<c045c5a4>]    Not tainted VLI
EFLAGS: 00010002   (2.6.18-8.el5 #1) 
EIP is at find_vma+0x19/0x53
eax: 00000002   ebx: 0000000a   ecx: 0000001f   edx: 0000000a
esi: dff3c550   edi: c17e8040   ebp: 00000000   esp: dff6b03c
ds: 007b   es: 007b   ss: 0068
Process auditd (pid: 1227, ti=dff6a000 task=dffbb550 task.ti=dff6a000)
Stack: 0000000a 0000000a c05fd407 dff6b080 dff3c588 dff3c550 00000000 dff6b080 
       c061c778 00000000 0000000e 0000000b 0000000a dff3c550 c05fd285 00000000 
       c0404a71 0000000a 0000001e 0000000a dff3c550 c17e8040 00000000 00000002 
Call Trace:
 [<c05fd407>] do_page_fault+0x182/0x4b8
 [<c05fd285>] do_page_fault+0x0/0x4b8
 [<c0404a71>] error_code+0x39/0x40
 [<c045c5a4>] find_vma+0x19/0x53
 [<c05fd407>] do_page_fault+0x182/0x4b8
 [<c05fd285>] do_page_fault+0x0/0x4b8
 [<c0404a71>] error_code+0x39/0x40
 [<c045c5a4>] find_vma+0x19/0x53
 [<c05fd407>] do_page_fault+0x182/0x4b8
 [<c05fd285>] do_page_fault+0x0/0x4b8
 [<c0404a71>] error_code+0x39/0x40
 [<c045c5a4>] find_vma+0x19/0x53
 [<c05fd407>] do_page_fault+0x182/0x4b8
 [<c05fd285>] do_page_fault+0x0/0x4b8
 [<c0404a71>] error_code+0x39/0x40
 [<c045c5a4>] find_vma+0x19/0x53
 [<c05fd407>] do_page_fault+0x182/0x4b8
 [<c05fd285>] do_page_fault+0x0/0x4b8
 [<c0404a71>] error_code+0x39/0x40
 [<c045c5a4>] find_vma+0x19/0x53
 [<c05fd407>] do_page_fault+0x182/0x4b8
 [<c05fd285>] do_page_fault+0x0/0x4b8
 [<c0404a71>] error_code+0x39/0x40
 [<c045c5a4>] find_vma+0x19/0x53
 [<c05fd407>] do_page_fault+0x182/0x4b8
 [<c05fd285>] do_page_fault+0x0/0x4b8
 [<c0404a71>] error_code+0x39/0x40
 [<c045c5a4>] find_vma+0x19/0x53
 [<c05fd407>] do_page_fault+0x182/0x4b8
 [<c05fd285>] do_page_fault+0x0/0x4b8
 [<c0404a71>] error_code+0x39/0x40
 [<c045c5a4>] find_vma+0x19/0x53
 [<c05fd407>] do_page_fault+0x182/0x4b8
 [<c05fd285>] do_page_fault+0x0/0x4b8
 [<c0404a71>] error_code+0x39/0x40
 [<c045c5a4>] find_vma+0x19/0x53
 [<c05fd407>] do_page_fault+0x182/0x4b8
 [<c05fd285>] do_page_fault+0x0/0x4b8
 [<c0404a71>] error_code+0x39/0x40
 [<c045c5a4>] find_vma+0x19/0x53
 [<c05fd407>] do_page_fault+0x182/0x4b8
 [<c05fd285>] do_page_fault+0x0/0x4b8
 [<c0404a71>] error_code+0x39/0x40
 [<c045c5a4>] find_vma+0x19/0x53
 [<c05fd407>] do_page_fault+0x182/0x4b8
 [<c05fd285>] do_page_fault+0x0/0x4b8
 [<c0404a71>] error_code+0x39/0x40
 [<c045c5a4>] find_vma+0x19/0x53
 [<c05fd407>] do_page_fault+0x182/0x4b8
 [<c05fd285>] do_page_fault+0x0/0x4b8
 [<c0404a71>] error_code+0x39/0x40
 [<c045c5a4>] find_vma+0x19/0x53
 [<c05fd407>] do_page_fault+0x182/0x4b8
 [<c05fd285>] do_page_fault+0x0/0x4b8
 [<c0404a71>] error_code+0x39/0x40
 [<c045c5a4>] find_vma+0x19/0x53
 [<c05fd407>] do_page_fault+0x182/0x4b8
 [<c05fd285>] do_page_fault+0x0/0x4b8
 [<c0404a71>] error_code+0x39/0x40
 [<c045c5a4>] find_vma+0x19/0x53
 [<c05fd407>] do_page_fault+0x182/0x4b8
 [<c05fd285>] do_page_fault+0x0/0x4b8
 [<c0404a71>] error_code+0x39/0x40
 [<c045c5a4>] find_vma+0x19/0x53
 [<c05fd407>] do_page_fault+0x182/0x4b8
 [<c05fd285>] do_page_fault+0x0/0x4b8
 [<c0404a71>] error_code+0x39/0x40
 [<c045c5a4>] find_vma+0x19/0x53
 [<c05fd407>] do_page_fault+0x182/0x4b8
 [<c05fd285>] do_page_fault+0x0/0x4b8
 [<c0404a71>] error_code+0x39/0x40
 [<c045c5a4>] find_vma+0x19/0x53
 [<c05fd407>] do_page_fault+0x182/0x4b8
 [<c05fd285>] do_page_fault+0x0/0x4b8
 [<c0404a71>] error_code+0x39/0x40
 [<c045c5a4>] find_vma+0x19/0x53
 [<c05fd407>] do_page_fault+0x182/0x4b8
 [<c05fd285>] do_page_fault+0x0/0x4b8
 [<c0404a71>] error_code+0x39/0x40
 [<c045c5a4>] find_vma+0x19/0x53
 [<c05fd407>] do_page_fault+0x182/0x4b8
 [<c05fd285>] do_page_fault+0x0/0x4b8
 [<c0404a71>] error_code+0x39/0x40
 [<c045c5a4>] find_vma+0x19/0x53
 [<c05fd407>] do_page_fault+0x182/0x4b8
 [<c05fd285>] do_page_fault+0x0/0x4b8
 [<c0404a71>] error_code+0x39/0x40
 [<c045c5a4>] find_vma+0x19/0x53
 [<c05fd407>] do_page_fault+0x182/0x4b8
 [<c05fd285>] do_page_fault+0x0/0x4b8
 [<c0404a71>] error_code+0x39/0x40
 [<c045c5a4>] find_vma+0x19/0x53
 [<c05fd407>] do_page_fault+0x182/0x4b8
 [<c05fd285>] do_page_fault+0x0/0x4b8
 [<c0404a71>] error_code+0x39/0x40
 [<c045c5a4>] find_vma+0x19/0x53
 [<c05fd407>] do_page_fault+0x182/0x4b8
 [<c05fd285>] do_page_fault+0x0/0x4b8
 [<c0404a71>] error_code+0x39/0x40
 [<c045c5a4>] find_vma+0x19/0x53
 [<c05fd407>] do_page_fault+0x182/0x4b8
 [<c05fd285>] do_page_fault+0x0/0x4b8
 [<c0404a71>] error_code+0x39/0x40
 [<c045c5a4>] find_vma+0x19/0x53
 [<c05fd407>] do_page_fault+0x182/0x4b8
 [<c05fd285>] do_page_fault+0x0/0x4b8
 [<c0404a71>] error_code+0x39/0x40
 [<c045c5a4>] find_vma+0x19/0x53
 [<c05fd407>] do_page_fault+0x182/0x4b8
 [<c05fd285>] do_page_fault+0x0/0x4b8
 [<c0404a71>] error_code+0x39/0x40
 [<c045c5a4>] find_vma+0x19/0x53
 [<c05fd407>] do_page_fault+0x182/0x4b8
 [<c05fd285>] do_page_fault+0x0/0x4b8
 [<c0404a71>] error_code+0x39/0x40
 [<c045c5a4>] find_vma+0x19/0x53
 [<c05fd407>] do_page_fault+0x182/0x4b8
 [<c05fd285>] do_page_fault+0x0/0x4b8
 [<c0404a71>] error_code+0x39/0x40
 [<c045c5a4>] find_vma+0x19/0x53
 [<c05fd407>] do_page_fault+0x182/0x4b8
 [<c05fd285>] do_page_fault+0x0/0x4b8
 [<c0404a71>] error_code+0x39/0x40
 [<c041d2aa>] dequeue_task+0x9/0x26
 [<c041d2e0>] deactivate_task+0x19/0x23
 [<c05fa558>] schedule+0x1ac/0x9ba
 [<c0437397>] hrtimer_start+0xb6/0xc0
 [<c05fb79f>] do_nanosleep+0x3c/0x6a
 [<c04373f1>] hrtimer_nanosleep+0x50/0x106
 [<c0480a2d>] touch_atime+0x60/0x8f
 [<c04371f4>] hrtimer_wakeup+0x0/0x18
 [<c04374e8>] sys_nanosleep+0x41/0x51
 [<c0403eff>] syscall_call+0x7/0xb
BUG: unable to handle kernel NULL pointer dereference at virtual address 00000060
 printing eip:
c0404fff
*pde = 00000000
Oops: 0000 [#2]
SMP 
last sysfs file: /block/hda/removable
Modules linked in: autofs4 hidp l2cap bluetooth sunrpc ipv6 parport_pc lp parport floppy pcspkr ide_cd cdrom serio_raw 8139too 8139cp mii dm_snapshot dm_zero dm_mirror dm_mod ext3 jbd ehci_hcd ohci_hcd uhci_hcd
CPU:    0
EIP:    0060:[<c0404fff>]    Not tainted VLI
EFLAGS: 00010097   (2.6.18-8.el5 #1) 
EIP is at dump_trace+0x5f/0x96
eax: 00000ffd   ebx: 00000060   ecx: fffc30f9   edx: c071133c
esi: 00000000   edi: 00000000   ebp: c0613ddf   esp: dff6af2c
ds: 007b   es: 007b   ss: 0068
Process auditd (pid: 1227, ti=dff6a000 task=dffbb550 task.ti=dff6a000)
Stack: 00000000 c0613ddf 00000018 00000000 c0613ddf c0405046 c066231c c0613ddf 
       dff6b09f c04050e2 c0613ddf c0613ca4 c0613ddf dff6b008 dff6b03c 00000002 
       00010002 dff6b008 dff6b03c c040520f c0613ddf c0613dd3 00000001 0068d756 
Call Trace:
 [<c0405046>] show_trace_log_lvl+0x10/0x20
 [<c04050e2>] show_stack_log_lvl+0x8c/0x94
 [<c040520f>] show_registers+0x125/0x191
 [<c045c5a4>] find_vma+0x19/0x53
 [<c0405411>] die+0x196/0x296
 [<c05fd66f>] do_page_fault+0x3ea/0x4b8
 [<c05fd285>] do_page_fault+0x0/0x4b8
 =======================
Code: 9a d4 01 00 00 89 df 81 e7 00 f0 ff ff eb 0e 8b 4c 24 18 89 f2 89 e8 ff 51 08 83 c3 04 39 fb 76 29 8d 87 fd 0f 00 00 39 c3 73 1f <8b> 33 89 f0 e8 28 e5 02 00 85 c0 74 e2 eb d5 8b 4f 34 85 c9 74 
EIP: [<c0404fff>] dump_trace+0x5f/0x96 SS:ESP 0068:dff6af2c
 Trying 127.0.0.1...
Trying 127.0.0.1...
Trying 127.0.0.1...
Trying 127.0.0.1...
Trying 127.0.0.1...
Trying 127.0.0.1...
Trying 127.0.0.1...
Trying 127.0.0.1...
Trying 127.0.0.1...
Trying 127.0.0.1...
Trying 127.0.0.1...
Trying 127.0.0.1...
Trying 127.0.0.1...
Trying 127.0.0.1...
Trying 127.0.0.1...
Trying 127.0.0.1...
Trying 127.0.0.1...
Trying 127.0.0.1...
Trying 127.0.0.1...
Trying 127.0.0.1...
Trying 127.0.0.1...
Trying 127.0.0.1...
Trying 127.0.0.1...
Trying 127.0.0.1...
Trying 127.0.0.1...
Connected to localhost.localdomain (127.0.0.1).
Escape character is '^]'.
Linux version 2.6.18-8.el5 (mockbuild@builder4.centos.org) (gcc version 4.1.1 20070105 (Red Hat 4.1.1-52)) #1 SMP Thu Mar 15 19:57:35 EDT 2007
BIOS-provided physical RAM map:
 BIOS-e820: 0000000000000000 - 000000000009fc00 (usable)
 BIOS-e820: 000000000009fc00 - 00000000000a0000 (reserved)
 BIOS-e820: 00000000000e0000 - 0000000000100000 (reserved)
 BIOS-e820: 0000000000100000 - 000000001fffac00 (usable)
 BIOS-e820: 000000001fffac00 - 0000000020000000 (reserved)
0MB HIGHMEM available.
511MB LOWMEM available.
found SMP MP-table at 000fccd0
Using x86 segment limits to approximate NX protection
DMI 2.4 present.
Using APIC driver default
ACPI: Unable to locate RSDP
Intel MultiProcessor Specification v1.4
    Virtual Wire compatibility mode.
OEM ID: _HVMCPU_ Product ID: XEN          APIC at: 0xFEE00000
Processor #0 6:0 APIC version 17
I/O APIC #1 Version 17 at 0xFEC00000.
Enabling APIC mode:  Flat.  Using 1 I/O APICs
Processors: 1
Allocating PCI resources starting at 30000000 (gap: 20000000:e0000000)
Detected 3013.894 MHz processor.
Built 1 zonelists.  Total pages: 131066
Kernel command line: ro root=/dev/VolGroup00/LogVol00 console=ttyS0,9600n8
Enabling fast FPU save and restore... done.
Enabling unmasked SIMD FPU exception support... done.
Initializing CPU#0
CPU 0 irqstacks, hard=c0737000 soft=c0717000
PID hash table entries: 2048 (order: 11, 8192 bytes)
Console: colour VGA+ 80x25
Dentry cache hash table entries: 65536 (order: 6, 262144 bytes)
Inode-cache hash table entries: 32768 (order: 5, 131072 bytes)
Memory: 513116k/524264k available (2043k kernel code, 10624k reserved, 846k data, 232k init, 0k highmem)
Checking if this processor honours the WP bit even in supervisor mode... Ok.
Calibrating delay using timer specific routine.. 6030.91 BogoMIPS (lpj=3015459)
Security Framework v1.0.0 initialized
SELinux:  Initializing.
SELinux:  Starting in permissive mode
selinux_register_security:  Registering secondary module capability
Capability LSM initialized as secondary
Mount-cache hash table entries: 512
CPU: L1 I Cache: 64K (64 bytes/line), D cache 64K (64 bytes/line)
CPU: L2 Cache: 1024K (64 bytes/line)
Intel machine check architecture supported.
Intel machine check reporting enabled on CPU#0.
Checking 'hlt' instruction... OK.
SMP alternatives: switching to UP code
Freeing SMP alternatives: 16k freed
CPU0: AMD Athlon(tm) 64 X2 Dual Core Processor 6000+ stepping 03
Total of 1 processors activated (6030.91 BogoMIPS).
ENABLING IO-APIC IRQs
..TIMER: vector=0x31 apic1=0 pin1=2 apic2=-1 pin2=-1
Brought up 1 CPUs
checking if image is initramfs... it is
Freeing initrd memory: 2144k freed
NET: Registered protocol family 16
ACPI Exception (utmutex-0262): AE_BAD_PARAMETER, Thread DFD8DAA0 could not acquire Mutex [2] [20060707]
PCI: PCI BIOS revision 2.10 entry at 0xfa3b0, last bus=0
PCI: Using configuration type 1
Setting up standard PCI resources
ACPI: Interpreter disabled.
Linux Plug and Play Support v0.97 (c) Adam Belay
pnp: PnP ACPI: disabled
usbcore: registered new driver usbfs
usbcore: registered new driver hub
PCI: Probing PCI hardware
PCI: Using IRQ router PIIX/ICH [8086/7000] at 0000:00:01.0
PCI BIOS passed nonexistent PCI bus 0!
PCI BIOS passed nonexistent PCI bus 0!
NetLabel: Initializing
NetLabel:  domain hash size = 128
NetLabel:  protocols = UNLABELED CIPSOv4
NetLabel:  unlabeled traffic allowed by default
PCI: Ignore bogus resource 6 [0:0] of 0000:00:02.0
NET: Registered protocol family 2
IP route cache hash table entries: 4096 (order: 2, 16384 bytes)
TCP established hash table entries: 16384 (order: 5, 131072 bytes)
TCP bind hash table entries: 8192 (order: 4, 65536 bytes)
TCP: Hash tables configured (established 16384 bind 8192)
TCP reno registered
apm: BIOS version 1.2 Flags 0x03 (Driver version 1.16ac)
audit: initializing netlink socket (disabled)
audit(1197711962.050:1): initialized
Total HugeTLB memory allocated, 0
VFS: Disk quotas dquot_6.5.1
Dquot-cache hash table entries: 1024 (order 0, 4096 bytes)
SELinux:  Registering netfilter hooks
Initializing Cryptographic API
ksign: Installing public key data
Loading keyring
- Added public key EE79A493AEE5EDC9
- User ID: CentOS (Kernel Module GPG key)
io scheduler noop registered
io scheduler anticipatory registered
io scheduler deadline registered
io scheduler cfq registered (default)
Limiting direct PCI/PCI transfers.
PCI: PIIX3: Enabling Passive Release on 0000:00:01.0
Activating ISA DMA hang workarounds.
pci_hotplug: PCI Hot Plug PCI Core version: 0.5
Real Time Clock Driver v1.12ac
Non-volatile memory driver v1.2
Linux agpgart interface v0.101 (c) Dave Jones
Serial: 8250/16550 driver $Revision: 1.90 $ 4 ports, IRQ sharing enabled
erial8250: ttyS0 at I/O 0x3f8 (irq = 4) is a 16450
RAMDISK driver initialized: 16 RAM disks of 16384K size 4096 blocksize
Uniform Multi-Platform E-IDE driver Revision: 7.00alpha2
ide: Assuming 33MHz system bus speed for PIO modes; override with idebus=xx
PIIX3: IDE controller at PCI slot 0000:00:01.1
PIIX3: chipset revision 0
PIIX3: not 100% native mode: will probe irqs later
    ide0: BM-DMA at 0xc000-0xc007, BIOS settings: hda:pio, hdb:pio
    ide1: BM-DMA at 0xc008-0xc00f, BIOS settings: hdc:pio, hdd:pio
hda: QEMU HARDDISK, ATA DISK drive
ide0 at 0x1f0-0x1f7,0x3f6 on irq 14
hdc: QEMU CD-ROM, ATAPI CD/DVD-ROM drive
ide1 at 0x170-0x177,0x376 on irq 15
hda: max request size: 512KiB
hda: 10485760 sectors (5368 MB) w/256KiB Cache, CHS=10402/255/63, (U)DMA
hda: cache flushes supported
 hda: hda1 hda2
ide-floppy driver 0.99.newide
usbcore: registered new driver hiddev
usbcore: registered new driver usbhid
drivers/usb/input/hid-core.c: v2.6:USB HID core driver
PNP: No PS/2 controller found. Probing ports directly.
serio: i8042 AUX port at 0x60,0x64 irq 12
serio: i8042 KBD port at 0x60,0x64 irq 1
mice: PS/2 mouse device common for all mice
md: md driver 0.90.3 MAX_MD_DEVS=256, MD_SB_DISKS=27
md: bitmap version 4.39
TCP bic registered
Initializing IPsec netlink socket
NET: Registered protocol family 1
NET: Registered protocol family 17
powernow-k8: Power state transitions not supported
Using IPI No-Shortcut mode
Freeing unused kernel memory: 232k freed
Time: tsc clocksource has been installed.
Write protecting the kernel read-only data: 383k
Red Hat nash version 5.1.19.6 starting
Mounting proc filesystem
Mounting sysfs filesystem
Creating /dev
Creating initial device nodes
input: AT Translated Set 2 keyboard as /class/input/input0
Setting up hotplug.
input: ImExPS/2 Generic Explorer Mouse as /class/input/input1
Creating block device nodes.
Loading uhci-hcd.ko module
USB Universal Host Controller Interface driver v3.0
Loading ohci-hcd.ko module
Loading ehci-hcd.ko module
Loading jbd.ko module
Loading ext3.ko module
Loading dm-mod.ko module
device-mapper: ioctl: 4.11.0-ioctl (2006-09-14) initialised: dm-devel@redhat.com
Loading dm-mirror.ko module
Loading dm-zero.ko module
Loading dm-snapshot.ko module
Making device-mapper control node
Scanning logical volumes
  Reading all physical volumes.  This may take a while...
  Found volume group "VolGroup00" using metadata type lvm2
Activating logical volumes
  2 logical volume(s) in volume group "VolGroup00" now active
Trying to resume from /dev/VolGroup00/LogVol01
No suspend signature on swap, not resuming.
Creating root device.
Mounting root filesystem.
EXT3-fs: INFO: recovery required on readonly filesystem.
EXT3-fs: write access will be enabled during recovery.
kjournald starting.  Commit interval 5 seconds
EXT3-fs: recovery complete.
EXT3-fs: mounted filesystem with ordered data mode.
Setting up other filesystems.
Setting up new root fs
no fstab.sys, mounting internal defaults
Switching to new root and running init.
unmounting old /dev
unmounting old /proc
unmounting old /sys
SELinux:  Disabled at runtime.
SELinux:  Unregistering netfilter hooks
audit(1197711970.874:2): selinux=0 auid=4294967295
INIT: version 2.86 booting
		Welcome to  CentOS release 5 (Final)
		Press 'I' to enter interactive startup.
時計  (utc) を設定中: 2007年 12月 15日 土曜日 18:46:17 JST [  OK  ]
udev を起動中: [  OK  ]
標準キーマップ (us-acentos) を読み込み中: [  OK  ]
ホストネームを localhost.localdomain に設定中:  [  OK  ]
論理ボリューム管理を設定中:   /dev/hdc: open failed: メディアが見つかりません
  2 logical volume(s) in volume group "VolGroup00" now active
[  OK  ]
ファイルシステムを検査中
Checking all file systems.
[/sbin/fsck.ext3 (1) -- /] fsck.ext3 -a /dev/VolGroup00/LogVol00 
/dev/VolGroup00/LogVol00: clean, 81504/770304 files, 475323/770048 blocks
[/sbin/fsck.ext3 (1) -- /boot] fsck.ext3 -a /dev/hda1 
/boot: recovering journal
/boot: clean, 35/26104 files, 14144/104388 blocks
[  OK  ]
ルートファイルシステムを読み書きモードで再マウント中:  [  OK  ]
ローカルファイルシステムをマウント中:  [  OK  ]
ローカルファイルシステムのクォータを有効化中:  [  OK  ]
/etc/fstab スワップスペースを有効化中:  [  OK  ]
INIT: Entering runlevel: 3
非対話起動モードに移行中
readahead をバックグランドで起動中: [  OK  ]
ハードウェア変更を検査中 [  OK  ]
ループバックインターフェイスを呼び込み中 [  OK  ]
インターフェース eth0 を活性化中:  
eth0 のIP情報を検出中... 完了。
[  OK  ]
auditd を起動中: [  OK  ]
システムロガーを起動中: [  OK  ]
カーネルロガーを起動中: [  OK  ]
irqbalance を起動中: [  OK  ]
portmap を起動中: [  OK  ]
NFS statd を起動中: [  OK  ]
RPC idmapd を起動中: [  OK  ]
システムロガーを起動中: [  OK  ]
その他のファイルシステムをマウント中:  [  OK  ]
PC/SC スマートカードデーモン (pcscd) を起動中: [  OK  ]
APM デーモンを起動中: [  OK  ]
hidd を起動中: [  OK  ]
autofs を起動中:  Loading autofs4: [  OK  ]
automount を起動中: [  OK  ]
[  OK  ]
cups を起動中: [  OK  ]
sshd を起動中: [  OK  ]
コンソールマウスサービスを起動中: [  OK  ]
crond を起動中: [  OK  ]
xfs を起動中: [  OK  ]
anacron を起動中: [  OK  ]
atd を起動中: [  OK  ]
yum-updatesd を起動中: [  OK  ]
Starting Avahi daemon... [  OK  ]
HAL デーモンを起動中: [  OK  ]
smartd を起動中: [  OK  ]

CentOS release 5 (Final)
Kernel 2.6.18-8.el5 on an i686

dhcp-100-101.lab.hpcs.cs.tsukuba.ac.jp login: BUG: unable to handle kernel NULL pointer dereference at virtual address 00000004
 printing eip:
c042d7bd
*pde = 00000000
Oops: 0000 [#1]
SMP 
last sysfs file: /block/hda/removable
Modules linked in: autofs4 hidp l2cap bluetooth sunrpc ipv6 parport_pc lp parport floppy serio_raw 8139too 8139cp mii pcspkr ide_cd cdrom dm_snapshot dm_zero dm_mirror dm_mod ext3 jbd ehci_hcd ohci_hcd uhci_hcd
CPU:    0
EIP:    0060:[<c042d7bd>]    Not tainted VLI
EFLAGS: 00257496   (2.6.18-8.el5 #1) 
EIP is at __dequeue_signal+0xc5/0x15c
eax: 00000004   ebx: dfe0546c   ecx: 00000005   edx: 00000004
esi: 00000000   edi: dfe10f14   ebp: dfd1c088   esp: dfe10e98
ds: 007b   es: 007b   ss: 0068
Process syslogd (pid: 1244, ti=dfe10000 task=dfe05000 task.ti=dfe10000)
Stack: 00000005 00000005 00000004 00000000 00000001 dfe10f14 dfe05000 dfe05454 
       c042e92a 00000001 00000000 00000000 dfe10fbc c042ec57 dfe10f94 dfe10f14 
       dfe05454 00000001 00000000 00000000 dfe10000 c040356b 00000000 dfe10fbc 
Call Trace:
 [<c042e92a>] dequeue_signal+0x15/0x9c
 [<c042ec57>] get_signal_to_deliver+0x114/0x39c
 [<c040356b>] do_notify_resume+0x77/0x67d
 [<c042e8ab>] force_sig_info+0x7b/0x83
 [<c0406993>] send_sigtrap+0x5e/0x65
 [<c047b49b>] sys_select+0xcf/0x180
 [<c0449262>] audit_syscall_exit+0x285/0x2a1
 [<c0403f8e>] work_notifysig+0x13/0x19
 =======================
Code: 04 48 89 44 24 08 0f a3 43 08 19 c0 85 c0 0f 84 97 00 00 00 8b 03 31 ed eb 11 8b 4c 24 04 39 48 0c 75 06 85 ed 75 cc 89 c5 89 d0 <8b> 10 0f 18 02 90 39 d8 75 e5 85 ed 74 46 c7 44 24 0c 00 00 00 
EIP: [<c042d7bd>] __dequeue_signal+0xc5/0x15c SS:ESP 0068:dfe10e98
 <0>Kernel panic - not syncing: Fatal exception
 Trying 127.0.0.1...
Trying 127.0.0.1...
Trying 127.0.0.1...
Connected to localhost.localdomain (127.0.0.1).
Escape character is '^]'.
Linux version 2.6.18-8.el5 (mockbuild@builder4.centos.org) (gcc version 4.1.1 20070105 (Red Hat 4.1.1-52)) #1 SMP Thu Mar 15 19:57:35 EDT 2007
BIOS-provided physical RAM map:
 BIOS-e820: 0000000000000000 - 000000000009fc00 (usable)
 BIOS-e820: 000000000009fc00 - 00000000000a0000 (reserved)
 BIOS-e820: 00000000000e0000 - 0000000000100000 (reserved)
 BIOS-e820: 0000000000100000 - 000000001fffac00 (usable)
 BIOS-e820: 000000001fffac00 - 0000000020000000 (reserved)
0MB HIGHMEM available.
511MB LOWMEM available.
found SMP MP-table at 000fccd0
Using x86 segment limits to approximate NX protection
DMI 2.4 present.
Using APIC driver default
ACPI: Unable to locate RSDP
Intel MultiProcessor Specification v1.4
    Virtual Wire compatibility mode.
OEM ID: _HVMCPU_ Product ID: XEN          APIC at: 0xFEE00000
Processor #0 6:0 APIC version 17
I/O APIC #1 Version 17 at 0xFEC00000.
Enabling APIC mode:  Flat.  Using 1 I/O APICs
Processors: 1
Allocating PCI resources starting at 30000000 (gap: 20000000:e0000000)
Detected 3014.082 MHz processor.
Built 1 zonelists.  Total pages: 131066
Kernel command line: ro root=/dev/VolGroup00/LogVol00 console=ttyS0,9600n8
Enabling fast FPU save and restore... done.
Enabling unmasked SIMD FPU exception support... done.
Initializing CPU#0
CPU 0 irqstacks, hard=c0737000 soft=c0717000
PID hash table entries: 2048 (order: 11, 8192 bytes)
Console: colour VGA+ 80x25
Dentry cache hash table entries: 65536 (order: 6, 262144 bytes)
Inode-cache hash table entries: 32768 (order: 5, 131072 bytes)
Memory: 513116k/524264k available (2043k kernel code, 10624k reserved, 846k data, 232k init, 0k highmem)
Checking if this processor honours the WP bit even in supervisor mode... Ok.
Calibrating delay using timer specific routine.. 6032.62 BogoMIPS (lpj=3016314)
Security Framework v1.0.0 initialized
SELinux:  Initializing.
SELinux:  Starting in permissive mode
selinux_register_security:  Registering secondary module capability
Capability LSM initialized as secondary
Mount-cache hash table entries: 512
CPU: L1 I Cache: 64K (64 bytes/line), D cache 64K (64 bytes/line)
CPU: L2 Cache: 1024K (64 bytes/line)
Intel machine check architecture supported.
Intel machine check reporting enabled on CPU#0.
Checking 'hlt' instruction... OK.
SMP alternatives: switching to UP code
Freeing SMP alternatives: 16k freed
CPU0: AMD Athlon(tm) 64 X2 Dual Core Processor 6000+ stepping 03
Total of 1 processors activated (6032.62 BogoMIPS).
ENABLING IO-APIC IRQs
..TIMER: vector=0x31 apic1=0 pin1=2 apic2=-1 pin2=-1
Brought up 1 CPUs
checking if image is initramfs... it is
Freeing initrd memory: 2144k freed
NET: Registered protocol family 16
ACPI Exception (utmutex-0262): AE_BAD_PARAMETER, Thread DFD8DAA0 could not acquire Mutex [2] [20060707]
PCI: PCI BIOS revision 2.10 entry at 0xfa3b0, last bus=0
PCI: Using configuration type 1
Setting up standard PCI resources
ACPI: Interpreter disabled.
Linux Plug and Play Support v0.97 (c) Adam Belay
pnp: PnP ACPI: disabled
usbcore: registered new driver usbfs
usbcore: registered new driver hub
PCI: Probing PCI hardware
PCI: Using IRQ router PIIX/ICH [8086/7000] at 0000:00:01.0
PCI BIOS passed nonexistent PCI bus 0!
PCI BIOS passed nonexistent PCI bus 0!
NetLabel: Initializing
NetLabel:  domain hash size = 128
NetLabel:  protocols = UNLABELED CIPSOv4
NetLabel:  unlabeled traffic allowed by default
PCI: Ignore bogus resource 6 [0:0] of 0000:00:02.0
NET: Registered protocol family 2
IP route cache hash table entries: 4096 (order: 2, 16384 bytes)
TCP established hash table entries: 16384 (order: 5, 131072 bytes)
TCP bind hash table entries: 8192 (order: 4, 65536 bytes)
TCP: Hash tables configured (established 16384 bind 8192)
TCP reno registered
apm: BIOS version 1.2 Flags 0x03 (Driver version 1.16ac)
audit: initializing netlink socket (disabled)
audit(1197712023.775:1): initialized
Total HugeTLB memory allocated, 0
VFS: Disk quotas dquot_6.5.1
Dquot-cache hash table entries: 1024 (order 0, 4096 bytes)
SELinux:  Registering netfilter hooks
Initializing Cryptographic API
ksign: Installing public key data
Loading keyring
- Added public key EE79A493AEE5EDC9
- User ID: CentOS (Kernel Module GPG key)
io scheduler noop registered
io scheduler anticipatory registered
io scheduler deadline registered
io scheduler cfq registered (default)
Limiting direct PCI/PCI transfers.
PCI: PIIX3: Enabling Passive Release on 0000:00:01.0
Activating ISA DMA hang workarounds.
pci_hotplug: PCI Hot Plug PCI Core version: 0.5
Real Time Clock Driver v1.12ac
Non-volatile memory driver v1.2
Linux agpgart interface v0.101 (c) Dave Jones
Serial: 8250/16550 driver $Revision: 1.90 $ 4 ports, IRQ sharing enabled
erial8250: ttyS0 at I/O 0x3f8 (irq = 4) is a 16450
RAMDISK driver initialized: 16 RAM disks of 16384K size 4096 blocksize
Uniform Multi-Platform E-IDE driver Revision: 7.00alpha2
ide: Assuming 33MHz system bus speed for PIO modes; override with idebus=xx
PIIX3: IDE controller at PCI slot 0000:00:01.1
PIIX3: chipset revision 0
PIIX3: not 100% native mode: will probe irqs later
    ide0: BM-DMA at 0xc000-0xc007, BIOS settings: hda:pio, hdb:pio
    ide1: BM-DMA at 0xc008-0xc00f, BIOS settings: hdc:pio, hdd:pio
hda: QEMU HARDDISK, ATA DISK drive
ide0 at 0x1f0-0x1f7,0x3f6 on irq 14
hdc: QEMU CD-ROM, ATAPI CD/DVD-ROM drive
ide1 at 0x170-0x177,0x376 on irq 15
hda: max request size: 512KiB
hda: 10485760 sectors (5368 MB) w/256KiB Cache, CHS=10402/255/63, (U)DMA
hda: cache flushes supported
 hda: hda1 hda2
ide-floppy driver 0.99.newide
usbcore: registered new driver hiddev
usbcore: registered new driver usbhid
drivers/usb/input/hid-core.c: v2.6:USB HID core driver
PNP: No PS/2 controller found. Probing ports directly.
serio: i8042 AUX port at 0x60,0x64 irq 12
serio: i8042 KBD port at 0x60,0x64 irq 1
mice: PS/2 mouse device common for all mice
md: md driver 0.90.3 MAX_MD_DEVS=256, MD_SB_DISKS=27
md: bitmap version 4.39
TCP bic registered
Initializing IPsec netlink socket
NET: Registered protocol family 1
NET: Registered protocol family 17
powernow-k8: Power state transitions not supported
Using IPI No-Shortcut mode
Freeing unused kernel memory: 232k freed
Time: tsc clocksource has been installed.
Write protecting the kernel read-only data: 383k
Red Hat nash version 5.1.19.6 starting
Mounting proc filesystem
Mounting sysfs filesystem
Creating /dev
Creating initial device nodes
Setting up hotplug.
input: AT Translated Set 2 keyboard as /class/input/input0
input: ImExPS/2 Generic Explorer Mouse as /class/input/input1
Creating block device nodes.
Loading uhci-hcd.ko module
USB Universal Host Controller Interface driver v3.0
Loading ohci-hcd.ko module
Loading ehci-hcd.ko module
Loading jbd.ko module
Loading ext3.ko module
Loading dm-mod.ko module
device-mapper: ioctl: 4.11.0-ioctl (2006-09-14) initialised: dm-devel@redhat.com
Loading dm-mirror.ko module
Loading dm-zero.ko module
Loading dm-snapshot.ko module
Making device-mapper control node
Scanning logical volumes
  Reading all physical volumes.  This may take a while...
  Found volume group "VolGroup00" using metadata type lvm2
Activating logical volumes
  2 logical volume(s) in volume group "VolGroup00" now active
Trying to resume from /dev/VolGroup00/LogVol01
No suspend signature on swap, not resuming.
Creating root device.
Mounting root filesystem.
EXT3-fs: INFO: recovery required on readonly filesystem.
EXT3-fs: write access will be enabled during recovery.
kjournald starting.  Commit interval 5 seconds
EXT3-fs: recovery complete.
EXT3-fs: mounted filesystem with ordered data mode.
Setting up other filesystems.
Setting up new root fs
no fstab.sys, mounting internal defaults
Switching to new root and running init.
unmounting old /dev
unmounting old /proc
unmounting old /sys
SELinux:  Disabled at runtime.
SELinux:  Unregistering netfilter hooks
audit(1197712032.569:2): selinux=0 auid=4294967295
INIT: version 2.86 booting
		Welcome to  CentOS release 5 (Final)
		Press 'I' to enter interactive startup.
時計  (utc) を設定中: 2007年 12月 15日 土曜日 18:47:18 JST [  OK  ]
udev を起動中: [  OK  ]
標準キーマップ (us-acentos) を読み込み中: [  OK  ]
ホストネームを localhost.localdomain に設定中:  [  OK  ]
論理ボリューム管理を設定中:   /dev/hdc: open failed: メディアが見つかりません
  2 logical volume(s) in volume group "VolGroup00" now active
[  OK  ]
ファイルシステムを検査中
Checking all file systems.
[/sbin/fsck.ext3 (1) -- /] fsck.ext3 -a /dev/VolGroup00/LogVol00 
/dev/VolGroup00/LogVol00: clean, 81504/770304 files, 475330/770048 blocks
[/sbin/fsck.ext3 (1) -- /boot] fsck.ext3 -a /dev/hda1 
/boot: recovering journal
/boot: clean, 35/26104 files, 14144/104388 blocks
[  OK  ]
ルートファイルシステムを読み書きモードで再マウント中:  [  OK  ]
ローカルファイルシステムをマウント中:  [  OK  ]
ローカルファイルシステムのクォータを有効化中:  [  OK  ]
/etc/fstab スワップスペースを有効化中:  [  OK  ]
INIT: Entering runlevel: 3
非対話起動モードに移行中
readahead をバックグランドで起動中: [  OK  ]
ハードウェア変更を検査中 [  OK  ]
ループバックインターフェイスを呼び込み中 [  OK  ]
インターフェース eth0 を活性化中:  
eth0 のIP情報を検出中... 完了。
[  OK  ]
auditd を起動中: [  OK  ]
システムロガーを起動中: [  OK  ]
カーネルロガーを起動中: [  OK  ]
irqbalance を起動中: [  OK  ]
portmap を起動中: [  OK  ]
NFS statd を起動中: [  OK  ]
RPC idmapd を起動中: [  OK  ]
システムロガーを起動中: [  OK  ]
その他のファイルシステムをマウント中:  [  OK  ]
PC/SC スマートカードデーモン (pcscd) を起動中: [  OK  ]
APM デーモンを起動中: [  OK  ]
hidd を起動中: [  OK  ]
autofs を起動中:  Loading autofs4: [  OK  ]
automount を起動中: [  OK  ]
[  OK  ]
cups を起動中: [  OK  ]
sshd を起動中: [  OK  ]
コンソールマウスサービスを起動中: [  OK  ]
crond を起動中: [  OK  ]
xfs を起動中: [  OK  ]
anacron を起動中: [  OK  ]
atd を起動中: [  OK  ]
yum-updatesd を起動中: [  OK  ]
Starting Avahi daemon... [  OK  ]
HAL デーモンを起動中: [  OK  ]
smartd を起動中: [  OK  ]

CentOS release 5 (Final)
Kernel 2.6.18-8.el5 on an i686

dhcp-100-101.lab.hpcs.cs.tsukuba.ac.jp login: list_add corruption. prev->next should be dfff7d40, but was dfff7d42
------------[ cut here ]------------
kernel BUG at lib/list_debug.c:31!
invalid opcode: 0000 [#1]
SMP 
last sysfs file: /block/hda/removable
Modules linked in: autofs4 hidp l2cap bluetooth sunrpc ipv6 parport_pc lp parport floppy ide_cd cdrom pcspkr 8139too 8139cp mii serio_raw dm_snapshot dm_zero dm_mirror dm_mod ext3 jbd ehci_hcd ohci_hcd uhci_hcd
CPU:    0
EIP:    0060:[<c04e02dd>]    Not tainted VLI
EFLAGS: 00010046   (2.6.18-8.el5 #1) 
EIP is at __list_add+0x39/0x52
eax: 00000048   ebx: dfff7d40   ecx: c062988e   edx: dffeaf08
esi: dfe82000   edi: de83c000   ebp: dfdcfd80   esp: dffeaf04
ds: 007b   es: 007b   ss: 0068
Process events/0 (pid: 5, ti=dffea000 task=dfd94550 task.ti=dffea000)
Stack: c062988e dfff7d40 dfff7d42 de83c000 dfff7d40 000001c0 c0466c62 c0466899 
       00000001 00000000 dfff3e94 dfff3e94 00000001 dfff3e80 dfff7d40 c0466cf5 
       00000000 dfdcfd80 dfff7d40 dfdcfd80 dfd874c0 00000286 c0467fdf 00000000 
Call Trace:
 [<c0466c62>] free_block+0xbd/0xdc
 [<c0466899>] kmem_freepages+0x82/0xa4
 [<c0466cf5>] drain_array+0x74/0x93
 [<c0467fdf>] cache_reap+0x45/0x100
 [<c043210c>] run_workqueue+0x78/0xb5
 [<c0467f9a>] cache_reap+0x0/0x100
 [<c04329c0>] worker_thread+0xd9/0x10d
 [<c041dc4d>] default_wake_function+0x0/0xc
 [<c04328e7>] worker_thread+0x0/0x10d
 [<c0434d99>] kthread+0xc0/0xeb
 [<c0434cd9>] kthread+0x0/0xeb
 [<c0404c3b>] kernel_thread_helper+0x7/0x10
 =======================
Code: 74 17 50 52 68 51 98 62 c0 e8 a4 3e f4 ff 0f 0b 1a 00 03 98 62 c0 83 c4 0c 8b 06 39 d8 74 17 50 53 68 8e 98 62 c0 e8 87 3e f4 ff <0f> 0b 1f 00 03 98 62 c0 83 c4 0c 89 7b 04 89 1f 89 77 04 89 3e 
EIP: [<c04e02dd>] __list_add+0x39/0x52 SS:ESP 0068:dffeaf04
 <0>Kernel panic - not syncing: Fatal exception
 Trying 127.0.0.1...
Trying 127.0.0.1...
Trying 127.0.0.1...
Trying 127.0.0.1...
Trying 127.0.0.1...
Trying 127.0.0.1...
Trying 127.0.0.1...
Trying 127.0.0.1...
Trying 127.0.0.1...
Trying 127.0.0.1...
Trying 127.0.0.1...
Trying 127.0.0.1...
Trying 127.0.0.1...
Trying 127.0.0.1...
Trying 127.0.0.1...
Trying 127.0.0.1...
Trying 127.0.0.1...
Trying 127.0.0.1...
Trying 127.0.0.1...
Trying 127.0.0.1...
Trying 127.0.0.1...
Trying 127.0.0.1...
Trying 127.0.0.1...
Trying 127.0.0.1...
Trying 127.0.0.1...
Trying 127.0.0.1...
Trying 127.0.0.1...
Trying 127.0.0.1...
Trying 127.0.0.1...
Connected to localhost.localdomain (127.0.0.1).
Escape character is '^]'.
Linux version 2.6.18-8.el5 (mockbuild@builder4.centos.org) (gcc version 4.1.1 20070105 (Red Hat 4.1.1-52)) #1 SMP Thu Mar 15 19:57:35 EDT 2007
BIOS-provided physical RAM map:
 BIOS-e820: 0000000000000000 - 000000000009fc00 (usable)
 BIOS-e820: 000000000009fc00 - 00000000000a0000 (reserved)
 BIOS-e820: 00000000000e0000 - 0000000000100000 (reserved)
 BIOS-e820: 0000000000100000 - 000000001fffac00 (usable)
 BIOS-e820: 000000001fffac00 - 0000000020000000 (reserved)
0MB HIGHMEM available.
511MB LOWMEM available.
found SMP MP-table at 000fccd0
Using x86 segment limits to approximate NX protection
DMI 2.4 present.
Using APIC driver default
ACPI: Unable to locate RSDP
Intel MultiProcessor Specification v1.4
    Virtual Wire compatibility mode.
OEM ID: _HVMCPU_ Product ID: XEN          APIC at: 0xFEE00000
Processor #0 6:0 APIC version 17
I/O APIC #1 Version 17 at 0xFEC00000.
Enabling APIC mode:  Flat.  Using 1 I/O APICs
Processors: 1
Allocating PCI resources starting at 30000000 (gap: 20000000:e0000000)
Detected 3013.974 MHz processor.
Built 1 zonelists.  Total pages: 131066
Kernel command line: ro root=/dev/VolGroup00/LogVol00 console=ttyS0,9600n8
Enabling fast FPU save and restore... done.
Enabling unmasked SIMD FPU exception support... done.
Initializing CPU#0
CPU 0 irqstacks, hard=c0737000 soft=c0717000
PID hash table entries: 2048 (order: 11, 8192 bytes)
Console: colour VGA+ 80x25
Dentry cache hash table entries: 65536 (order: 6, 262144 bytes)
Inode-cache hash table entries: 32768 (order: 5, 131072 bytes)
Memory: 513116k/524264k available (2043k kernel code, 10624k reserved, 846k data, 232k init, 0k highmem)
Checking if this processor honours the WP bit even in supervisor mode... Ok.
Calibrating delay using timer specific routine.. 6033.51 BogoMIPS (lpj=3016758)
Security Framework v1.0.0 initialized
SELinux:  Initializing.
SELinux:  Starting in permissive mode
selinux_register_security:  Registering secondary module capability
Capability LSM initialized as secondary
Mount-cache hash table entries: 512
CPU: L1 I Cache: 64K (64 bytes/line), D cache 64K (64 bytes/line)
CPU: L2 Cache: 1024K (64 bytes/line)
Intel machine check architecture supported.
Intel machine check reporting enabled on CPU#0.
Checking 'hlt' instruction... OK.
SMP alternatives: switching to UP code
Freeing SMP alternatives: 16k freed
CPU0: AMD Athlon(tm) 64 X2 Dual Core Processor 6000+ stepping 03
Total of 1 processors activated (6033.51 BogoMIPS).
ENABLING IO-APIC IRQs
..TIMER: vector=0x31 apic1=0 pin1=2 apic2=-1 pin2=-1
Brought up 1 CPUs
checking if image is initramfs... it is
Freeing initrd memory: 2144k freed
NET: Registered protocol family 16
ACPI Exception (utmutex-0262): AE_BAD_PARAMETER, Thread DFD8DAA0 could not acquire Mutex [2] [20060707]
PCI: PCI BIOS revision 2.10 entry at 0xfa3b0, last bus=0
PCI: Using configuration type 1
Setting up standard PCI resources
ACPI: Interpreter disabled.
Linux Plug and Play Support v0.97 (c) Adam Belay
pnp: PnP ACPI: disabled
usbcore: registered new driver usbfs
usbcore: registered new driver hub
PCI: Probing PCI hardware
PCI: Using IRQ router PIIX/ICH [8086/7000] at 0000:00:01.0
PCI BIOS passed nonexistent PCI bus 0!
PCI BIOS passed nonexistent PCI bus 0!
NetLabel: Initializing
NetLabel:  domain hash size = 128
NetLabel:  protocols = UNLABELED CIPSOv4
NetLabel:  unlabeled traffic allowed by default
PCI: Ignore bogus resource 6 [0:0] of 0000:00:02.0
NET: Registered protocol family 2
IP route cache hash table entries: 4096 (order: 2, 16384 bytes)
TCP established hash table entries: 16384 (order: 5, 131072 bytes)
TCP bind hash table entries: 8192 (order: 4, 65536 bytes)
TCP: Hash tables configured (established 16384 bind 8192)
TCP reno registered
apm: BIOS version 1.2 Flags 0x03 (Driver version 1.16ac)
audit: initializing netlink socket (disabled)
audit(1197712087.911:1): initialized
Total HugeTLB memory allocated, 0
VFS: Disk quotas dquot_6.5.1
Dquot-cache hash table entries: 1024 (order 0, 4096 bytes)
SELinux:  Registering netfilter hooks
Initializing Cryptographic API
ksign: Installing public key data
Loading keyring
- Added public key EE79A493AEE5EDC9
- User ID: CentOS (Kernel Module GPG key)
io scheduler noop registered
io scheduler anticipatory registered
io scheduler deadline registered
io scheduler cfq registered (default)
Limiting direct PCI/PCI transfers.
PCI: PIIX3: Enabling Passive Release on 0000:00:01.0
Activating ISA DMA hang workarounds.
pci_hotplug: PCI Hot Plug PCI Core version: 0.5
Real Time Clock Driver v1.12ac
Non-volatile memory driver v1.2
Linux agpgart interface v0.101 (c) Dave Jones
Serial: 8250/16550 driver $Revision: 1.90 $ 4 ports, IRQ sharing enabled
erial8250: ttyS0 at I/O 0x3f8 (irq = 4) is a 16450
RAMDISK driver initialized: 16 RAM disks of 16384K size 4096 blocksize
Uniform Multi-Platform E-IDE driver Revision: 7.00alpha2
ide: Assuming 33MHz system bus speed for PIO modes; override with idebus=xx
PIIX3: IDE controller at PCI slot 0000:00:01.1
PIIX3: chipset revision 0
PIIX3: not 100% native mode: will probe irqs later
    ide0: BM-DMA at 0xc000-0xc007, BIOS settings: hda:pio, hdb:pio
    ide1: BM-DMA at 0xc008-0xc00f, BIOS settings: hdc:pio, hdd:pio
hda: QEMU HARDDISK, ATA DISK drive
ide0 at 0x1f0-0x1f7,0x3f6 on irq 14
hdc: QEMU CD-ROM, ATAPI CD/DVD-ROM drive
ide1 at 0x170-0x177,0x376 on irq 15
hda: max request size: 512KiB
hda: 10485760 sectors (5368 MB) w/256KiB Cache, CHS=10402/255/63, (U)DMA
hda: cache flushes supported
 hda: hda1 hda2
ide-floppy driver 0.99.newide
usbcore: registered new driver hiddev
usbcore: registered new driver usbhid
drivers/usb/input/hid-core.c: v2.6:USB HID core driver
PNP: No PS/2 controller found. Probing ports directly.
serio: i8042 AUX port at 0x60,0x64 irq 12
serio: i8042 KBD port at 0x60,0x64 irq 1
mice: PS/2 mouse device common for all mice
md: md driver 0.90.3 MAX_MD_DEVS=256, MD_SB_DISKS=27
md: bitmap version 4.39
TCP bic registered
Initializing IPsec netlink socket
NET: Registered protocol family 1
NET: Registered protocol family 17
powernow-k8: Power state transitions not supported
Using IPI No-Shortcut mode
Freeing unused kernel memory: 232k freed
Time: tsc clocksource has been installed.
Write protecting the kernel read-only data: 383k
Red Hat nash version 5.1.19.6 starting
Mounting proc filesystem
Mounting sysfs filesystem
Creating /dev
Creating initial device nodes
Setting up hotplug.
input: AT Translated Set 2 keyboard as /class/input/input0
input: ImExPS/2 Generic Explorer Mouse as /class/input/input1
Creating block device nodes.
Loading uhci-hcd.ko module
USB Universal Host Controller Interface driver v3.0
Loading ohci-hcd.ko module
Loading ehci-hcd.ko module
Loading jbd.ko module
Loading ext3.ko module
Loading dm-mod.ko module
device-mapper: ioctl: 4.11.0-ioctl (2006-09-14) initialised: dm-devel@redhat.com
Loading dm-mirror.ko module
Loading dm-zero.ko module
Loading dm-snapshot.ko module
Making device-mapper control node
Scanning logical volumes
  Reading all physical volumes.  This may take a while...
  Found volume group "VolGroup00" using metadata type lvm2
Activating logical volumes
  2 logical volume(s) in volume group "VolGroup00" now active
Trying to resume from /dev/VolGroup00/LogVol01
No suspend signature on swap, not resuming.
Creating root device.
Mounting root filesystem.
EXT3-fs: INFO: recovery required on readonly filesystem.
EXT3-fs: write access will be enabled during recovery.
kjournald starting.  Commit interval 5 seconds
EXT3-fs: recovery complete.
EXT3-fs: mounted filesystem with ordered data mode.
Setting up other filesystems.
Setting up new root fs
no fstab.sys, mounting internal defaults
Switching to new root and running init.
unmounting old /dev
unmounting old /proc
unmounting old /sys
SELinux:  Disabled at runtime.
SELinux:  Unregistering netfilter hooks
audit(1197712096.643:2): selinux=0 auid=4294967295
INIT: version 2.86 booting
		Welcome to  CentOS release 5 (Final)
		Press 'I' to enter interactive startup.
時計  (utc) を設定中: 2007年 12月 15日 土曜日 18:48:21 JST [  OK  ]
udev を起動中: [  OK  ]
標準キーマップ (us-acentos) を読み込み中: [  OK  ]
ホストネームを localhost.localdomain に設定中:  [  OK  ]
論理ボリューム管理を設定中:   /dev/hdc: open failed: メディアが見つかりません
  2 logical volume(s) in volume group "VolGroup00" now active
[  OK  ]
ファイルシステムを検査中
Checking all file systems.
[/sbin/fsck.ext3 (1) -- /] fsck.ext3 -a /dev/VolGroup00/LogVol00 
/dev/VolGroup00/LogVol00: clean, 81504/770304 files, 475338/770048 blocks
[/sbin/fsck.ext3 (1) -- /boot] fsck.ext3 -a /dev/hda1 
/boot: recovering journal
/boot: clean, 35/26104 files, 14144/104388 blocks
[  OK  ]
ルートファイルシステムを読み書きモードで再マウント中:  [  OK  ]
ローカルファイルシステムをマウント中:  [  OK  ]
ローカルファイルシステムのクォータを有効化中:  [  OK  ]
/etc/fstab スワップスペースを有効化中:  [  OK  ]
INIT: Entering runlevel: 3
非対話起動モードに移行中
readahead をバックグランドで起動中: [  OK  ]
ハードウェア変更を検査中 [  OK  ]
ループバックインターフェイスを呼び込み中 [  OK  ]
インターフェース eth0 を活性化中:  
eth0 のIP情報を検出中... 完了。
[  OK  ]
auditd を起動中: [  OK  ]
システムロガーを起動中: [  OK  ]
カーネルロガーを起動中: [  OK  ]
irqbalance を起動中: [  OK  ]
portmap を起動中: [  OK  ]
NFS statd を起動中: [  OK  ]
RPC idmapd を起動中: [  OK  ]
システムロガーを起動中: [  OK  ]
その他のファイルシステムをマウント中:  [  OK  ]
PC/SC スマートカードデーモン (pcscd) を起動中: [  OK  ]
APM デーモンを起動中: [  OK  ]
hidd を起動中: [  OK  ]
autofs を起動中:  Loading autofs4: [  OK  ]
automount を起動中: [  OK  ]
[  OK  ]
cups を起動中: [  OK  ]
sshd を起動中: [  OK  ]
コンソールマウスサービスを起動中: [  OK  ]
crond を起動中: [  OK  ]
xfs を起動中: [  OK  ]
anacron を起動中: [  OK  ]
atd を起動中: [  OK  ]
yum-updatesd を起動中: [  OK  ]
Starting Avahi daemon... [  OK  ]
HAL デーモンを起動中: [  OK  ]
smartd を起動中: [  OK  ]

CentOS release 5 (Final)
Kernel 2.6.18-8.el5 on an i686

dhcp-100-101.lab.hpcs.cs.tsukuba.ac.jp login: BUG: unable to handle kernel NULL pointer dereference at virtual address 00000008
 printing eip:
c047dd35
*pde = 00000000
Oops: 0002 [#1]
SMP 
last sysfs file: /block/hda/removable
Modules linked in: autofs4 hidp l2cap bluetooth sunrpc ipv6 parport_pc lp parport floppy 8139too pcspkr 8139cp mii serio_raw ide_cd cdrom dm_snapshot dm_zero dm_mirror dm_mod ext3 jbd ehci_hcd ohci_hcd uhci_hcd
CPU:    0
EIP:    0060:[<c047dd35>]    Not tainted VLI
EFLAGS: 00010202   (2.6.18-8.el5 #1) 
EIP is at __d_rehash+0x16/0x1d
eax: df718f70   ebx: c1428000   ecx: 00000004   edx: df718f80
esi: dfeaa240   edi: d58400c0   ebp: d58400e8   esp: de81ee94
